Archive member included to satisfy reference by file (symbol)

app/libapp.a(main.c.obj)      (--whole-archive)
zephyr/libzephyr.a(cbprintf_packaged.c.obj)
                              (--whole-archive)
zephyr/libzephyr.a(dec.c.obj)
                              (--whole-archive)
zephyr/libzephyr.a(fdtable.c.obj)
                              (--whole-archive)
zephyr/libzephyr.a(hex.c.obj)
                              (--whole-archive)
zephyr/libzephyr.a(printk.c.obj)
                              (--whole-archive)
zephyr/libzephyr.a(rb.c.obj)  (--whole-archive)
zephyr/libzephyr.a(sem.c.obj)
                              (--whole-archive)
zephyr/libzephyr.a(thread_entry.c.obj)
                              (--whole-archive)
zephyr/libzephyr.a(timeutil.c.obj)
                              (--whole-archive)
zephyr/libzephyr.a(heap.c.obj)
                              (--whole-archive)
zephyr/libzephyr.a(heap-validate.c.obj)
                              (--whole-archive)
zephyr/libzephyr.a(bitarray.c.obj)
                              (--whole-archive)
zephyr/libzephyr.a(multi_heap.c.obj)
                              (--whole-archive)
zephyr/libzephyr.a(onoff.c.obj)
                              (--whole-archive)
zephyr/libzephyr.a(notify.c.obj)
                              (--whole-archive)
zephyr/libzephyr.a(cbprintf_complete.c.obj)
                              (--whole-archive)
zephyr/libzephyr.a(ring_buffer.c.obj)
                              (--whole-archive)
zephyr/libzephyr.a(assert.c.obj)
                              (--whole-archive)
zephyr/libzephyr.a(reboot.c.obj)
                              (--whole-archive)
zephyr/libzephyr.a(configs.c.obj)
                              (--whole-archive)
zephyr/libzephyr.a(soc_nrf_common.S.obj)
                              (--whole-archive)
zephyr/libzephyr.a(validate_base_addresses.c.obj)
                              (--whole-archive)
zephyr/libzephyr.a(validate_enabled_instances.c.obj)
                              (--whole-archive)
zephyr/libzephyr.a(tracing_none.c.obj)
                              (--whole-archive)
zephyr/libzephyr.a(usb_device.c.obj)
                              (--whole-archive)
zephyr/libzephyr.a(usb_descriptor.c.obj)
                              (--whole-archive)
zephyr/libzephyr.a(usb_transfer.c.obj)
                              (--whole-archive)
zephyr/libzephyr.a(cdc_acm.c.obj)
                              (--whole-archive)
zephyr/libzephyr.a(usb_work_q.c.obj)
                              (--whole-archive)
zephyr/libzephyr.a(nrf_cc3xx_platform_abort_zephyr.c.obj)
                              (--whole-archive)
zephyr/libzephyr.a(nrf_cc3xx_platform_mutex_zephyr.c.obj)
                              (--whole-archive)
zephyr/arch/common/libarch__common.a(sw_isr_common.c.obj)
                              (--whole-archive)
zephyr/arch/arch/arm/core/aarch32/libarch__arm__core__aarch32.a(cpu_idle.S.obj)
                              (--whole-archive)
zephyr/arch/arch/arm/core/aarch32/libarch__arm__core__aarch32.a(fatal.c.obj)
                              (--whole-archive)
zephyr/arch/arch/arm/core/aarch32/libarch__arm__core__aarch32.a(irq_manage.c.obj)
                              (--whole-archive)
zephyr/arch/arch/arm/core/aarch32/libarch__arm__core__aarch32.a(nmi.c.obj)
                              (--whole-archive)
zephyr/arch/arch/arm/core/aarch32/libarch__arm__core__aarch32.a(nmi_on_reset.S.obj)
                              (--whole-archive)
zephyr/arch/arch/arm/core/aarch32/libarch__arm__core__aarch32.a(prep_c.c.obj)
                              (--whole-archive)
zephyr/arch/arch/arm/core/aarch32/libarch__arm__core__aarch32.a(swap.c.obj)
                              (--whole-archive)
zephyr/arch/arch/arm/core/aarch32/libarch__arm__core__aarch32.a(swap_helper.S.obj)
                              (--whole-archive)
zephyr/arch/arch/arm/core/aarch32/libarch__arm__core__aarch32.a(thread.c.obj)
                              (--whole-archive)
zephyr/arch/arch/arm/core/aarch32/libarch__arm__core__aarch32.a(isr_wrapper.S.obj)
                              (--whole-archive)
zephyr/arch/arch/arm/core/aarch32/libarch__arm__core__aarch32.a(tls.c.obj)
                              (--whole-archive)
zephyr/arch/arch/arm/core/aarch32/cortex_m/libarch__arm__core__aarch32__cortex_m.a(exc_exit.S.obj)
                              (--whole-archive)
zephyr/arch/arch/arm/core/aarch32/cortex_m/libarch__arm__core__aarch32__cortex_m.a(fault.c.obj)
                              (--whole-archive)
zephyr/arch/arch/arm/core/aarch32/cortex_m/libarch__arm__core__aarch32__cortex_m.a(fault_s.S.obj)
                              (--whole-archive)
zephyr/arch/arch/arm/core/aarch32/cortex_m/libarch__arm__core__aarch32__cortex_m.a(fpu.c.obj)
                              (--whole-archive)
zephyr/arch/arch/arm/core/aarch32/cortex_m/libarch__arm__core__aarch32__cortex_m.a(irq_init.c.obj)
                              (--whole-archive)
[...]
Memory Configuration

Name             Origin             Length             Attributes
FLASH            0x0000000000000000 0x0000000000100000 xr
RAM              0x0000000020000000 0x0000000000040000 xw
IDT_LIST         0x00000000fffff7ff 0x0000000000000800 xw
*default*        0x0000000000000000 0xffffffffffffffff

Linker script and memory map

                0x0000000000009a28                vfprintf = __i_vfprintf
                0x0000000000000000                vfscanf = __i_vfscanf
LOAD zephyr/CMakeFiles/zephyr_final.dir/misc/empty_file.c.obj
LOAD zephyr/CMakeFiles/zephyr_final.dir/isr_tables.c.obj
LOAD app/libapp.a
LOAD zephyr/libzephyr.a
LOAD zephyr/arch/common/libarch__common.a
LOAD zephyr/arch/arch/arm/core/aarch32/libarch__arm__core__aarch32.a
LOAD zephyr/arch/arch/arm/core/aarch32/cortex_m/libarch__arm__core__aarch32__cortex_m.a
LOAD zephyr/arch/arch/arm/core/aarch32/mpu/libarch__arm__core__aarch32__mpu.a
LOAD zephyr/lib/libc/picolibc/liblib__libc__picolibc.a
LOAD zephyr/lib/libc/common/liblib__libc__common.a
LOAD zephyr/soc/soc/arm/common/cortex_m/libsoc__arm__common__cortex_m.a
LOAD zephyr/soc/soc/arm/nordic_nrf/nrf52/libsoc__arm__nordic_nrf__nrf52.a
LOAD zephyr/subsys/random/libsubsys__random.a
LOAD zephyr/drivers/usb/device/libdrivers__usb__device.a
LOAD zephyr/drivers/clock_control/libdrivers__clock_control.a
LOAD zephyr/drivers/console/libdrivers__console.a
LOAD zephyr/drivers/entropy/libdrivers__entropy.a
LOAD zephyr/drivers/gpio/libdrivers__gpio.a
LOAD zephyr/drivers/hwinfo/libdrivers__hwinfo.a
LOAD zephyr/drivers/pinctrl/libdrivers__pinctrl.a
LOAD zephyr/drivers/serial/libdrivers__serial.a
LOAD zephyr/drivers/timer/libdrivers__timer.a
LOAD modules/nrf/lib/fatal_error/lib..__nrf__lib__fatal_error.a
LOAD modules/nrf/drivers/hw_cc310/lib..__nrf__drivers__hw_cc310.a
LOAD modules/hal_nordic/nrfx/libmodules__hal_nordic__nrfx.a
LOAD zephyr/kernel/libkernel.a
LOAD zephyr/CMakeFiles/offsets.dir/./arch/arm/core/offsets/offsets.c.obj
LOAD /opt/nordic/ncs/toolchains/4ef6631da0/opt/zephyr-sdk/arm-zephyr-eabi/bin/../lib/gcc/arm-zephyr-eabi/12.2.0/thumb/v7e-m/nofp/libgcc.a
LOAD zephyr/arch/common/libisr_tables.a
LOAD /opt/nordic/ncs/v2.5.0-rc2/nrfxlib/crypto/nrf_cc310_platform/lib/cortex-m4/soft-float/no-interrupts/libnrf_cc310_platform_0.9.18.a
LOAD /opt/nordic/ncs/toolchains/4ef6631da0/opt/zephyr-sdk/arm-zephyr-eabi/bin/../lib/gcc/../../picolibc/arm-zephyr-eabi/lib/thumb/v7e-m/nofp/libc.a
LOAD /opt/nordic/ncs/toolchains/4ef6631da0/opt/zephyr-sdk/arm-zephyr-eabi/bin/../lib/gcc/arm-zephyr-eabi/12.2.0/thumb/v7e-m/nofp/libgcc.a
                0x0000000000000020                _region_min_align = 0x20

.rel.plt        0x0000000000000000        0x0
 *(SORT_BY_ALIGNMENT(.rel.plt))
                [!provide]                        PROVIDE (__rel_iplt_start = .)
 *(SORT_BY_ALIGNMENT(.rel.iplt))
 .rel.iplt      0x0000000000000000        0x0 zephyr/CMakeFiles/zephyr_final.dir/isr_tables.c.obj
                [!provide]                        PROVIDE (__rel_iplt_end = .)

.rela.plt       0x0000000000000000        0x0
 *(SORT_BY_ALIGNMENT(.rela.plt))
                [!provide]                        PROVIDE (__rela_iplt_start = .)
 *(SORT_BY_ALIGNMENT(.rela.iplt))
                [!provide]                        PROVIDE (__rela_iplt_end = .)

.rel.dyn
 *(SORT_BY_ALIGNMENT(.rel.*))

.rela.dyn
 *(SORT_BY_ALIGNMENT(.rela.*))

/DISCARD/
 *(SORT_BY_ALIGNMENT(.plt))

/DISCARD/
 *(SORT_BY_ALIGNMENT(.iplt))
                0x0000000000000000                __rom_region_start = 0x0

rom_start       0x0000000000000000      0x100
                0x0000000000000000                __rom_start_address = .
                0x0000000000000000                . = (. + (0x0 - (. - __rom_start_address)))
                0x0000000000000000                . = ALIGN (0x4)
                0x0000000000000000                . = ALIGN (0x80)
                0x0000000000000000                . = ALIGN (0x100)
                0x0000000000000000                _vector_start = .
 *(SORT_BY_ALIGNMENT(.exc_vector_table))
 *(SORT_BY_ALIGNMENT(.exc_vector_table.*))
 .exc_vector_table._vector_table_section
                0x0000000000000000       0x40 zephyr/arch/arch/arm/core/aarch32/cortex_m/libarch__arm__core__aarch32__cortex_m.a(vector_table.S.obj)
                0x0000000000000000                _vector_table
 *(SORT_BY_ALIGNMENT(.vectors))
                0x0000000000000100                _vector_end = .
                0x0000000000000040                . = ALIGN (0x4)
 *(SORT_BY_ALIGNMENT(.gnu.linkonce.irq_vector_table*))
 .gnu.linkonce.irq_vector_table
                0x0000000000000040       0xc0 zephyr/CMakeFiles/zephyr_final.dir/isr_tables.c.obj
                0x0000000000000040                _irq_vector_table
                0x0000000000000100                _vector_end = .

text            0x0000000000000100     0xb5e4
                0x0000000000000100                __text_region_start = .
 *(SORT_BY_ALIGNMENT(.text))
 .text          0x0000000000000100       0x30 /opt/nordic/ncs/toolchains/4ef6631da0/opt/zephyr-sdk/arm-zephyr-eabi/bin/../lib/gcc/arm-zephyr-eabi/12.2.0/thumb/v7e-m/nofp/libgcc.a(_aeabi_uldivmod.o)
                0x0000000000000100                __aeabi_uldivmod
 .text          0x0000000000000130        0x4 /opt/nordic/ncs/toolchains/4ef6631da0/opt/zephyr-sdk/arm-zephyr-eabi/bin/../lib/gcc/arm-zephyr-eabi/12.2.0/thumb/v7e-m/nofp/libgcc.a(_dvmd_tls.o)
                0x0000000000000130                __aeabi_ldiv0
                0x0000000000000130                __aeabi_idiv0
 .text          0x0000000000000134      0x2a0 /opt/nordic/ncs/toolchains/4ef6631da0/opt/zephyr-sdk/arm-zephyr-eabi/bin/../lib/gcc/arm-zephyr-eabi/12.2.0/thumb/v7e-m/nofp/libgcc.a(_udivmoddi4.o)
                0x0000000000000134                __udivmoddi4
 .text          0x00000000000003d4       0x10 /opt/nordic/ncs/toolchains/4ef6631da0/opt/zephyr-sdk/arm-zephyr-eabi/bin/../lib/gcc/../../picolibc/arm-zephyr-eabi/lib/thumb/v7e-m/nofp/libc.a(strlen.S.o)
                0x00000000000003d4                strlen
 *(SORT_BY_ALIGNMENT(.text.*))
 .text.get_access
                0x00000000000003e4       0x30 app/libapp.a(main.c.obj)
                0x00000000000003e4                get_access
 .text.consumer
                0x0000000000000414       0x24 app/libapp.a(main.c.obj)
                0x0000000000000414                consumer
 .text.release_access
                0x0000000000000438       0x28 app/libapp.a(main.c.obj)
                0x0000000000000438                release_access
 .text.producer
                0x0000000000000460       0x28 app/libapp.a(main.c.obj)
                0x0000000000000460                producer
 .text.main     0x0000000000000488       0x18 app/libapp.a(main.c.obj)
                0x0000000000000488                main
 .text.char_out
                0x00000000000004a0        0xc zephyr/libzephyr.a(printk.c.obj)
 .text.__printk_hook_install
                0x00000000000004ac        0xc zephyr/libzephyr.a(printk.c.obj)
                0x00000000000004ac                __printk_hook_install
 .text.vprintk  0x00000000000004b8       0x30 zephyr/libzephyr.a(printk.c.obj)
                0x00000000000004b8                vprintk
 .text.z_thread_entry
                0x00000000000004e8       0x34 zephyr/libzephyr.a(thread_entry.c.obj)
                0x00000000000004e8                z_thread_entry
 .text.process_event
                0x000000000000051c      0x21c zephyr/libzephyr.a(onoff.c.obj)
 .text.sys_reboot
                0x0000000000000738       0x30 zephyr/libzephyr.a(reboot.c.obj)
                0x0000000000000738                sys_reboot
 .text.z_arm_platform_init
                0x0000000000000768        0x4 zephyr/libzephyr.a(soc_nrf_common.S.obj)
                0x0000000000000768                z_arm_platform_init
 .text.class_handler
                0x000000000000076c       0x40 zephyr/libzephyr.a(usb_device.c.obj)
 .text.custom_handler
                0x00000000000007ac       0x60 zephyr/libzephyr.a(usb_device.c.obj)
 .text.vendor_handler
                0x000000000000080c       0x3c zephyr/libzephyr.a(usb_device.c.obj)
 .text.disable_endpoint
                0x0000000000000848       0x2c zephyr/libzephyr.a(usb_device.c.obj)
 .text.usb_reset_alt_setting
                0x0000000000000874       0x10 zephyr/libzephyr.a(usb_device.c.obj)
 .text.is_ep_valid.part.0
                0x0000000000000884       0x38 zephyr/libzephyr.a(usb_device.c.obj)
 .text.usb_handle_request.constprop.0
                0x00000000000008bc       0x2c zephyr/libzephyr.a(usb_device.c.obj)
 .text.forward_status_cb
                0x00000000000008e8       0xac zephyr/libzephyr.a(usb_device.c.obj)
 .text.usb_halt_endpoint_req.isra.0
                0x0000000000000994       0x50 zephyr/libzephyr.a(usb_device.c.obj)
 .text.set_endpoint
                0x00000000000009e4       0x84 zephyr/libzephyr.a(usb_device.c.obj)
 .text.usb_handle_standard_request
                0x0000000000000a68      0x2ec zephyr/libzephyr.a(usb_device.c.obj)
 .text.usb_data_to_host
                0x0000000000000d54       0x60 zephyr/libzephyr.a(usb_device.c.obj)
 .text.usb_handle_control_transfer
                0x0000000000000db4       0xdc zephyr/libzephyr.a(usb_device.c.obj)
 .text.usb_set_config
                0x0000000000000e90       0x2c zephyr/libzephyr.a(usb_device.c.obj)
                0x0000000000000e90                usb_set_config
 .text.usb_device_init
                0x0000000000000ebc       0x28 zephyr/libzephyr.a(usb_device.c.obj)
 .text.usb_enable
                0x0000000000000ee4      0x124 zephyr/libzephyr.a(usb_device.c.obj)
                0x0000000000000ee4                usb_enable
 .text.usb_update_sn_string_descriptor
                0x0000000000001008       0x88 zephyr/libzephyr.a(usb_descriptor.c.obj)
                0x0000000000001008                usb_update_sn_string_descriptor
 .text.usb_get_device_descriptor
                0x0000000000001090      0x1d8 zephyr/libzephyr.a(usb_descriptor.c.obj)
                0x0000000000001090                usb_get_device_descriptor
 .text.usb_ep_get_transfer
                0x0000000000001268       0x2c zephyr/libzephyr.a(usb_transfer.c.obj)
 .text.usb_transfer_work
                0x0000000000001294      0x104 zephyr/libzephyr.a(usb_transfer.c.obj)
 .text.usb_transfer_ep_callback
                0x0000000000001398       0x5c zephyr/libzephyr.a(usb_transfer.c.obj)
                0x0000000000001398                usb_transfer_ep_callback
 .text.usb_transfer
                0x00000000000013f4       0xe4 zephyr/libzephyr.a(usb_transfer.c.obj)
                0x00000000000013f4                usb_transfer
 .text.usb_cancel_transfer
                0x00000000000014d8       0x3c zephyr/libzephyr.a(usb_transfer.c.obj)
                0x00000000000014d8                usb_cancel_transfer
 .text.usb_cancel_transfers
                0x0000000000001514       0x48 zephyr/libzephyr.a(usb_transfer.c.obj)
                0x0000000000001514                usb_cancel_transfers
 .text.usb_transfer_init
                0x000000000000155c       0x34 zephyr/libzephyr.a(usb_transfer.c.obj)
                0x000000000000155c                usb_transfer_init
 .text.cdc_acm_int_in
                0x0000000000001590       0x18 zephyr/libzephyr.a(cdc_acm.c.obj)
 .text.cdc_acm_irq_rx_enable
                0x00000000000015a8       0x20 zephyr/libzephyr.a(cdc_acm.c.obj)
 .text.cdc_acm_irq_tx_enable
                0x00000000000015c8       0x20 zephyr/libzephyr.a(cdc_acm.c.obj)
 .text.cdc_acm_fifo_fill
                0x00000000000015e8       0x38 zephyr/libzephyr.a(cdc_acm.c.obj)
 .text.cdc_acm_poll_out
                0x0000000000001620       0x64 zephyr/libzephyr.a(cdc_acm.c.obj)
 .text.tx_work_handler
                0x0000000000001684       0x5c zephyr/libzephyr.a(cdc_acm.c.obj)
 .text.cdc_acm_class_handle_req
                0x00000000000016e0       0x64 zephyr/libzephyr.a(cdc_acm.c.obj)
                0x00000000000016e0                cdc_acm_class_handle_req
 .text.cdc_acm_reset_port
                0x0000000000001744       0x3c zephyr/libzephyr.a(cdc_acm.c.obj)
 .text.cdc_acm_write_cb
                0x0000000000001780       0x44 zephyr/libzephyr.a(cdc_acm.c.obj)
 .text.cdc_acm_init
                0x00000000000017c4       0x48 zephyr/libzephyr.a(cdc_acm.c.obj)
 .text.cdc_acm_send_notification.isra.0
                0x000000000000180c       0x44 zephyr/libzephyr.a(cdc_acm.c.obj)
 .text.cdc_acm_read_cb
                0x0000000000001850       0x6c zephyr/libzephyr.a(cdc_acm.c.obj)
 .text.cdc_acm_dev_status_cb
                0x00000000000018bc       0x88 zephyr/libzephyr.a(cdc_acm.c.obj)
 .text.z_usb_work_q_init
                0x0000000000001944       0x34 zephyr/libzephyr.a(usb_work_q.c.obj)
 .text.nrf_cc3xx_platform_abort_init
                0x0000000000001978        0xc zephyr/libzephyr.a(nrf_cc3xx_platform_abort_zephyr.c.obj)
                0x0000000000001978                nrf_cc3xx_platform_abort_init
 .text.mutex_free_platform
                0x0000000000001984       0x54 zephyr/libzephyr.a(nrf_cc3xx_platform_mutex_zephyr.c.obj)
 .text.mutex_lock_platform
                0x00000000000019d8       0x60 zephyr/libzephyr.a(nrf_cc3xx_platform_mutex_zephyr.c.obj)
 .text.mutex_unlock_platform
                0x0000000000001a38       0x58 zephyr/libzephyr.a(nrf_cc3xx_platform_mutex_zephyr.c.obj)
 .text.mutex_init_platform
                0x0000000000001a90       0x94 zephyr/libzephyr.a(nrf_cc3xx_platform_mutex_zephyr.c.obj)
 .text.nrf_cc3xx_platform_mutex_init
                0x0000000000001b24       0x2c zephyr/libzephyr.a(nrf_cc3xx_platform_mutex_zephyr.c.obj)
                0x0000000000001b24                nrf_cc3xx_platform_mutex_init
 .text.z_arm_cpu_idle_init
                0x0000000000001b50        0xc zephyr/arch/arch/arm/core/aarch32/libarch__arm__core__aarch32.a(cpu_idle.S.obj)
                0x0000000000001b50                z_arm_cpu_idle_init
 .text.arch_cpu_idle
                0x0000000000001b5c       0x1c zephyr/arch/arch/arm/core/aarch32/libarch__arm__core__aarch32.a(cpu_idle.S.obj)
                0x0000000000001b5c                arch_cpu_idle
 .text.arch_cpu_atomic_idle
                0x0000000000001b78       0x18 zephyr/arch/arch/arm/core/aarch32/libarch__arm__core__aarch32.a(cpu_idle.S.obj)
                0x0000000000001b78                arch_cpu_atomic_idle
 .text.arch_irq_enable
                0x0000000000001b90       0x1c zephyr/arch/arch/arm/core/aarch32/libarch__arm__core__aarch32.a(irq_manage.c.obj)
                0x0000000000001b90                arch_irq_enable
 .text.arch_irq_disable
                0x0000000000001bac       0x28 zephyr/arch/arch/arm/core/aarch32/libarch__arm__core__aarch32.a(irq_manage.c.obj)
                0x0000000000001bac                arch_irq_disable
 .text.arch_irq_is_enabled
                0x0000000000001bd4       0x1c zephyr/arch/arch/arm/core/aarch32/libarch__arm__core__aarch32.a(irq_manage.c.obj)
                0x0000000000001bd4                arch_irq_is_enabled
 .text.z_arm_irq_priority_set
                0x0000000000001bf0       0x30 zephyr/arch/arch/arm/core/aarch32/libarch__arm__core__aarch32.a(irq_manage.c.obj)
                0x0000000000001bf0                z_arm_irq_priority_set
 .text.z_SysNmiOnReset
                0x0000000000001c20        0x8 zephyr/arch/arch/arm/core/aarch32/libarch__arm__core__aarch32.a(nmi_on_reset.S.obj)
                0x0000000000001c20                z_SysNmiOnReset
 .text.z_arm_prep_c
                0x0000000000001c28       0x38 zephyr/arch/arch/arm/core/aarch32/libarch__arm__core__aarch32.a(prep_c.c.obj)
                0x0000000000001c28                z_arm_prep_c
 .text.arch_swap
                0x0000000000001c60       0x34 zephyr/arch/arch/arm/core/aarch32/libarch__arm__core__aarch32.a(swap.c.obj)
                0x0000000000001c60                arch_swap
 .text.z_arm_pendsv
                0x0000000000001c94       0x58 zephyr/arch/arch/arm/core/aarch32/libarch__arm__core__aarch32.a(swap_helper.S.obj)
                0x0000000000001c94                z_arm_pendsv
 .text.z_arm_svc
                0x0000000000001cec       0x20 zephyr/arch/arch/arm/core/aarch32/libarch__arm__core__aarch32.a(swap_helper.S.obj)
                0x0000000000001cec                z_arm_svc
 .text.arch_new_thread
                0x0000000000001d0c       0x38 zephyr/arch/arch/arm/core/aarch32/libarch__arm__core__aarch32.a(thread.c.obj)
                0x0000000000001d0c                arch_new_thread
 .text.arch_switch_to_main_thread
                0x0000000000001d44       0x2c zephyr/arch/arch/arm/core/aarch32/libarch__arm__core__aarch32.a(thread.c.obj)
                0x0000000000001d44                arch_switch_to_main_thread
 .text._isr_wrapper
                0x0000000000001d70       0x28 zephyr/arch/arch/arm/core/aarch32/libarch__arm__core__aarch32.a(isr_wrapper.S.obj)
                0x0000000000001d70                _isr_wrapper
 .text.arch_tls_stack_setup
                0x0000000000001d98       0x5c zephyr/arch/arch/arm/core/aarch32/libarch__arm__core__aarch32.a(tls.c.obj)
                0x0000000000001d98                arch_tls_stack_setup
 .text._HandlerModeExit
                0x0000000000001df4       0x1c zephyr/arch/arch/arm/core/aarch32/cortex_m/libarch__arm__core__aarch32__cortex_m.a(exc_exit.S.obj)
                0x0000000000001df4                z_arm_exc_exit
                0x0000000000001df4                z_arm_int_exit
 .text.usage_fault.constprop.0
                0x0000000000001e10       0x54 zephyr/arch/arch/arm/core/aarch32/cortex_m/libarch__arm__core__aarch32__cortex_m.a(fault.c.obj)
 .text.bus_fault.constprop.0
                0x0000000000001e64       0x6c zephyr/arch/arch/arm/core/aarch32/cortex_m/libarch__arm__core__aarch32__cortex_m.a(fault.c.obj)
 .text.mem_manage_fault.constprop.0
                0x0000000000001ed0       0x78 zephyr/arch/arch/arm/core/aarch32/cortex_m/libarch__arm__core__aarch32__cortex_m.a(fault.c.obj)
 .text.z_arm_fault
                0x0000000000001f48      0x124 zephyr/arch/arch/arm/core/aarch32/cortex_m/libarch__arm__core__aarch32__cortex_m.a(fault.c.obj)
                0x0000000000001f48                z_arm_fault
 .text.z_arm_fault_init
                0x000000000000206c       0x10 zephyr/arch/arch/arm/core/aarch32/cortex_m/libarch__arm__core__aarch32__cortex_m.a(fault.c.obj)
                0x000000000000206c                z_arm_fault_init
 .text.__fault  0x000000000000207c       0x14 zephyr/arch/arch/arm/core/aarch32/cortex_m/libarch__arm__core__aarch32__cortex_m.a(fault_s.S.obj)
                0x000000000000207c                z_arm_bus_fault
                0x000000000000207c                z_arm_usage_fault
                0x000000000000207c                z_arm_mpu_fault
                0x000000000000207c                z_arm_exc_spurious
                0x000000000000207c                z_arm_debug_monitor
                0x000000000000207c                z_arm_hard_fault
 .text.z_arm_interrupt_init
                0x0000000000002090       0x18 zephyr/arch/arch/arm/core/aarch32/cortex_m/libarch__arm__core__aarch32__cortex_m.a(irq_init.c.obj)
                0x0000000000002090                z_arm_interrupt_init
 .text._reset_section
                0x00000000000020a8       0x54 zephyr/arch/arch/arm/core/aarch32/cortex_m/libarch__arm__core__aarch32__cortex_m.a(reset.S.obj)
                0x00000000000020a8                z_arm_reset
                0x00000000000020a8                __start
 .text.sys_arch_reboot
                0x00000000000020fc       0x24 zephyr/arch/arch/arm/core/aarch32/cortex_m/libarch__arm__core__aarch32__cortex_m.a(scb.c.obj)
                0x00000000000020fc                sys_arch_reboot
 .text.z_arm_clear_arm_mpu_config
                0x0000000000002120       0x24 zephyr/arch/arch/arm/core/aarch32/cortex_m/libarch__arm__core__aarch32__cortex_m.a(scb.c.obj)
                0x0000000000002120                z_arm_clear_arm_mpu_config
 .text.z_arm_init_arch_hw_at_boot
                0x0000000000002144       0x64 zephyr/arch/arch/arm/core/aarch32/cortex_m/libarch__arm__core__aarch32__cortex_m.a(scb.c.obj)
                0x0000000000002144                z_arm_init_arch_hw_at_boot
 .text.z_impl_k_thread_abort
                0x00000000000021a8       0x2c zephyr/arch/arch/arm/core/aarch32/cortex_m/libarch__arm__core__aarch32__cortex_m.a(thread_abort.c.obj)
                0x00000000000021a8                z_impl_k_thread_abort
 .text.z_arm_configure_static_mpu_regions
                0x00000000000021d4       0x18 zephyr/arch/arch/arm/core/aarch32/mpu/libarch__arm__core__aarch32__mpu.a(arm_core_mpu.c.obj)
                0x00000000000021d4                z_arm_configure_static_mpu_regions
 .text.mpu_configure_regions
                0x00000000000021ec       0x88 zephyr/arch/arch/arm/core/aarch32/mpu/libarch__arm__core__aarch32__mpu.a(arm_mpu.c.obj)
 .text.arm_core_mpu_enable
                0x0000000000002274       0x18 zephyr/arch/arch/arm/core/aarch32/mpu/libarch__arm__core__aarch32__mpu.a(arm_mpu.c.obj)
                0x0000000000002274                arm_core_mpu_enable
 .text.arm_core_mpu_disable
                0x000000000000228c       0x14 zephyr/arch/arch/arm/core/aarch32/mpu/libarch__arm__core__aarch32__mpu.a(arm_mpu.c.obj)
                0x000000000000228c                arm_core_mpu_disable
 .text.arm_core_mpu_configure_static_mpu_regions
                0x00000000000022a0       0x14 zephyr/arch/arch/arm/core/aarch32/mpu/libarch__arm__core__aarch32__mpu.a(arm_mpu.c.obj)
                0x00000000000022a0                arm_core_mpu_configure_static_mpu_regions
 .text.z_arm_mpu_init
                0x00000000000022b4       0x60 zephyr/arch/arch/arm/core/aarch32/mpu/libarch__arm__core__aarch32__mpu.a(arm_mpu.c.obj)
                0x00000000000022b4                z_arm_mpu_init
 .text.z_impl_zephyr_fputc
                0x0000000000002314       0x10 zephyr/lib/libc/picolibc/liblib__libc__picolibc.a(libc-hooks.c.obj)
                0x0000000000002314                z_impl_zephyr_fputc
 .text.__stdout_hook_install
                0x0000000000002324       0x18 zephyr/lib/libc/picolibc/liblib__libc__picolibc.a(libc-hooks.c.obj)
                0x0000000000002324                __stdout_hook_install
 .text.__chk_fail
                0x000000000000233c       0x18 zephyr/lib/libc/picolibc/liblib__libc__picolibc.a(libc-hooks.c.obj)
                0x000000000000233c                __chk_fail
 .text.malloc_prepare
                0x0000000000002354       0x24 zephyr/lib/libc/common/liblib__libc__common.a(malloc.c.obj)
 .text.nordicsemi_nrf52_init
                0x0000000000002378       0x18 zephyr/soc/soc/arm/nordic_nrf/nrf52/libsoc__arm__nordic_nrf__nrf52.a(soc.c.obj)
 .text.arch_busy_wait
                0x0000000000002390       0x14 zephyr/soc/soc/arm/nordic_nrf/nrf52/libsoc__arm__nordic_nrf__nrf52.a(soc.c.obj)
                0x0000000000002390                arch_busy_wait
 .text.z_impl_sys_rand32_get
                0x00000000000023a4       0x28 zephyr/subsys/random/libsubsys__random.a(rand32_entropy_device.c.obj)
                0x00000000000023a4                z_impl_sys_rand32_get
 .text.endpoint_ctx
                0x00000000000023cc       0x60 zephyr/drivers/usb/device/libdrivers__usb__device.a(usb_dc_nrfx.c.obj)
 .text.usbd_work_schedule
                0x000000000000242c       0x10 zephyr/drivers/usb/device/libdrivers__usb__device.a(usb_dc_nrfx.c.obj)
 .text.usbd_evt_put
                0x000000000000243c        0xc zephyr/drivers/usb/device/libdrivers__usb__device.a(usb_dc_nrfx.c.obj)
 .text.usbd_evt_get
                0x0000000000002448       0x10 zephyr/drivers/usb/device/libdrivers__usb__device.a(usb_dc_nrfx.c.obj)
 .text.usb_init
                0x0000000000002458       0x70 zephyr/drivers/usb/device/libdrivers__usb__device.a(usb_dc_nrfx.c.obj)
 .text.hfxo_stop.constprop.0.isra.0
                0x00000000000024c8       0x40 zephyr/drivers/usb/device/libdrivers__usb__device.a(usb_dc_nrfx.c.obj)
 .text.eps_ctx_init
                0x0000000000002508       0x68 zephyr/drivers/usb/device/libdrivers__usb__device.a(usb_dc_nrfx.c.obj)
 .text.usbd_evt_flush
                0x0000000000002570       0x1c zephyr/drivers/usb/device/libdrivers__usb__device.a(usb_dc_nrfx.c.obj)
 .text.usbd_evt_alloc
                0x000000000000258c       0x44 zephyr/drivers/usb/device/libdrivers__usb__device.a(usb_dc_nrfx.c.obj)
 .text.usb_dc_power_event_handler
                0x00000000000025d0       0x34 zephyr/drivers/usb/device/libdrivers__usb__device.a(usb_dc_nrfx.c.obj)
 .text.usbd_event_transfer_data
                0x0000000000002604       0xa8 zephyr/drivers/usb/device/libdrivers__usb__device.a(usb_dc_nrfx.c.obj)
 .text.usbd_event_handler
                0x00000000000026ac      0x11c zephyr/drivers/usb/device/libdrivers__usb__device.a(usb_dc_nrfx.c.obj)
 .text.usbd_work_handler
                0x00000000000027c8      0x2e0 zephyr/drivers/usb/device/libdrivers__usb__device.a(usb_dc_nrfx.c.obj)
 .text.usb_dc_attach
                0x0000000000002aa8       0x64 zephyr/drivers/usb/device/libdrivers__usb__device.a(usb_dc_nrfx.c.obj)
                0x0000000000002aa8                usb_dc_attach
 .text.usb_dc_set_address
                0x0000000000002b0c       0x24 zephyr/drivers/usb/device/libdrivers__usb__device.a(usb_dc_nrfx.c.obj)
                0x0000000000002b0c                usb_dc_set_address
 .text.usb_dc_ep_configure
                0x0000000000002b30       0x48 zephyr/drivers/usb/device/libdrivers__usb__device.a(usb_dc_nrfx.c.obj)
                0x0000000000002b30                usb_dc_ep_configure
 .text.usb_dc_ep_set_stall
                0x0000000000002b78       0x50 zephyr/drivers/usb/device/libdrivers__usb__device.a(usb_dc_nrfx.c.obj)
                0x0000000000002b78                usb_dc_ep_set_stall
 .text.usb_dc_ep_clear_stall
                0x0000000000002bc8       0x40 zephyr/drivers/usb/device/libdrivers__usb__device.a(usb_dc_nrfx.c.obj)
                0x0000000000002bc8                usb_dc_ep_clear_stall
 .text.usb_dc_ep_is_stalled
                0x0000000000002c08       0x38 zephyr/drivers/usb/device/libdrivers__usb__device.a(usb_dc_nrfx.c.obj)
                0x0000000000002c08                usb_dc_ep_is_stalled
 .text.usb_dc_ep_enable
                0x0000000000002c40       0x54 zephyr/drivers/usb/device/libdrivers__usb__device.a(usb_dc_nrfx.c.obj)
                0x0000000000002c40                usb_dc_ep_enable
 .text.usb_dc_ep_write
                0x0000000000002c94       0xf8 zephyr/drivers/usb/device/libdrivers__usb__device.a(usb_dc_nrfx.c.obj)
                0x0000000000002c94                usb_dc_ep_write
 .text.usb_dc_ep_read_wait
                0x0000000000002d8c       0x90 zephyr/drivers/usb/device/libdrivers__usb__device.a(usb_dc_nrfx.c.obj)
                0x0000000000002d8c                usb_dc_ep_read_wait
 .text.usb_dc_ep_read_continue
                0x0000000000002e1c       0x84 zephyr/drivers/usb/device/libdrivers__usb__device.a(usb_dc_nrfx.c.obj)
                0x0000000000002e1c                usb_dc_ep_read_continue
 .text.usb_dc_ep_set_callback
                0x0000000000002ea0       0x28 zephyr/drivers/usb/device/libdrivers__usb__device.a(usb_dc_nrfx.c.obj)
                0x0000000000002ea0                usb_dc_ep_set_callback
 .text.usb_dc_set_status_callback
                0x0000000000002ec8        0xc zephyr/drivers/usb/device/libdrivers__usb__device.a(usb_dc_nrfx.c.obj)
                0x0000000000002ec8                usb_dc_set_status_callback
 .text.usb_dc_ep_mps
                0x0000000000002ed4       0x24 zephyr/drivers/usb/device/libdrivers__usb__device.a(usb_dc_nrfx.c.obj)
                0x0000000000002ed4                usb_dc_ep_mps
 .text.onoff_stop
                0x0000000000002ef8       0x30 zephyr/drivers/clock_control/libdrivers__clock_control.a(clock_control_nrf.c.obj)
 .text.onoff_start
                0x0000000000002f28       0x44 zephyr/drivers/clock_control/libdrivers__clock_control.a(clock_control_nrf.c.obj)
 .text.clk_init
                0x0000000000002f6c       0x58 zephyr/drivers/clock_control/libdrivers__clock_control.a(clock_control_nrf.c.obj)
 .text.clkstarted_handle.constprop.0
                0x0000000000002fc4       0x34 zephyr/drivers/clock_control/libdrivers__clock_control.a(clock_control_nrf.c.obj)
 .text.clock_event_handler
                0x0000000000002ff8       0x1c zephyr/drivers/clock_control/libdrivers__clock_control.a(clock_control_nrf.c.obj)
 .text.generic_hfclk_start
                0x0000000000003014       0x64 zephyr/drivers/clock_control/libdrivers__clock_control.a(clock_control_nrf.c.obj)
 .text.api_blocking_start
                0x0000000000003078       0x34 zephyr/drivers/clock_control/libdrivers__clock_control.a(clock_control_nrf.c.obj)
 .text.generic_hfclk_stop
                0x00000000000030ac       0x34 zephyr/drivers/clock_control/libdrivers__clock_control.a(clock_control_nrf.c.obj)
 .text.z_nrf_clock_control_get_onoff
                0x00000000000030e0       0x10 zephyr/drivers/clock_control/libdrivers__clock_control.a(clock_control_nrf.c.obj)
                0x00000000000030e0                z_nrf_clock_control_get_onoff
 .text.z_nrf_clock_control_lf_on
                0x00000000000030f0       0xfc zephyr/drivers/clock_control/libdrivers__clock_control.a(clock_control_nrf.c.obj)
                0x00000000000030f0                z_nrf_clock_control_lf_on
 .text.uart_console_init
                0x00000000000031ec       0x28 zephyr/drivers/console/libdrivers__console.a(uart_console.c.obj)
 .text.console_out
                0x0000000000003214       0x28 zephyr/drivers/console/libdrivers__console.a(uart_console.c.obj)
 .text.random_byte_get
                0x000000000000323c       0x3c zephyr/drivers/entropy/libdrivers__entropy.a(entropy_nrf5.c.obj)
 .text.rng_pool_get
                0x0000000000003278       0x8c zephyr/drivers/entropy/libdrivers__entropy.a(entropy_nrf5.c.obj)
 .text.entropy_nrf5_get_entropy_isr
                0x0000000000003304       0xac zephyr/drivers/entropy/libdrivers__entropy.a(entropy_nrf5.c.obj)
 .text.entropy_nrf5_get_entropy
                0x00000000000033b0       0x58 zephyr/drivers/entropy/libdrivers__entropy.a(entropy_nrf5.c.obj)
 .text.entropy_nrf5_init
                0x0000000000003408       0x6c zephyr/drivers/entropy/libdrivers__entropy.a(entropy_nrf5.c.obj)
 .text.isr      0x0000000000003474       0x74 zephyr/drivers/entropy/libdrivers__entropy.a(entropy_nrf5.c.obj)
 .text.gpio_nrfx_pin_interrupt_configure
                0x00000000000034e8       0xe4 zephyr/drivers/gpio/libdrivers__gpio.a(gpio_nrfx.c.obj)
 .text.gpio_nrfx_init
                0x00000000000035cc       0x38 zephyr/drivers/gpio/libdrivers__gpio.a(gpio_nrfx.c.obj)
 .text.nrfx_gpio_handler
                0x0000000000003604       0x4c zephyr/drivers/gpio/libdrivers__gpio.a(gpio_nrfx.c.obj)
 .text.gpio_nrfx_pin_configure
                0x0000000000003650      0x128 zephyr/drivers/gpio/libdrivers__gpio.a(gpio_nrfx.c.obj)
 .text.nrf_gpio_pin_port_decode
                0x0000000000003778       0x20 zephyr/drivers/pinctrl/libdrivers__pinctrl.a(pinctrl_nrf.c.obj)
 .text.pinctrl_configure_pins
                0x0000000000003798      0x168 zephyr/drivers/pinctrl/libdrivers__pinctrl.a(pinctrl_nrf.c.obj)
                0x0000000000003798                pinctrl_configure_pins
 .text.event_txdrdy_check
                0x0000000000003900       0x20 zephyr/drivers/serial/libdrivers__serial.a(uart_nrfx_uart.c.obj)
 .text.uart_nrfx_poll_in
                0x0000000000003920       0x24 zephyr/drivers/serial/libdrivers__serial.a(uart_nrfx_uart.c.obj)
 .text.uart_nrfx_err_check
                0x0000000000003944       0x10 zephyr/drivers/serial/libdrivers__serial.a(uart_nrfx_uart.c.obj)
 .text.uart_nrfx_fifo_read
                0x0000000000003954       0x2c zephyr/drivers/serial/libdrivers__serial.a(uart_nrfx_uart.c.obj)
 .text.uart_nrfx_irq_tx_enable
                0x0000000000003980       0x4c zephyr/drivers/serial/libdrivers__serial.a(uart_nrfx_uart.c.obj)
 .text.uart_nrfx_irq_tx_disable
                0x00000000000039cc        0xc zephyr/drivers/serial/libdrivers__serial.a(uart_nrfx_uart.c.obj)
 .text.uart_nrfx_irq_rx_enable
                0x00000000000039d8       0x10 zephyr/drivers/serial/libdrivers__serial.a(uart_nrfx_uart.c.obj)
 .text.uart_nrfx_irq_rx_disable
                0x00000000000039e8       0x10 zephyr/drivers/serial/libdrivers__serial.a(uart_nrfx_uart.c.obj)
 .text.uart_nrfx_irq_tx_ready_complete
                0x00000000000039f8       0x28 zephyr/drivers/serial/libdrivers__serial.a(uart_nrfx_uart.c.obj)
 .text.uart_nrfx_irq_rx_ready
                0x0000000000003a20       0x14 zephyr/drivers/serial/libdrivers__serial.a(uart_nrfx_uart.c.obj)
 .text.uart_nrfx_irq_err_enable
                0x0000000000003a34       0x10 zephyr/drivers/serial/libdrivers__serial.a(uart_nrfx_uart.c.obj)
 .text.uart_nrfx_irq_err_disable
                0x0000000000003a44       0x10 zephyr/drivers/serial/libdrivers__serial.a(uart_nrfx_uart.c.obj)
 .text.uart_nrfx_irq_is_pending
                0x0000000000003a54       0x34 zephyr/drivers/serial/libdrivers__serial.a(uart_nrfx_uart.c.obj)
 .text.uart_nrfx_irq_callback_set
                0x0000000000003a88       0x14 zephyr/drivers/serial/libdrivers__serial.a(uart_nrfx_uart.c.obj)
 .text.uart_nrfx_isr
                0x0000000000003a9c       0x4c zephyr/drivers/serial/libdrivers__serial.a(uart_nrfx_uart.c.obj)
 .text.uart_nrfx_configure
                0x0000000000003ae8      0x168 zephyr/drivers/serial/libdrivers__serial.a(uart_nrfx_uart.c.obj)
 .text.uart_nrfx_poll_out
                0x0000000000003c50       0x84 zephyr/drivers/serial/libdrivers__serial.a(uart_nrfx_uart.c.obj)
 .text.uart_nrfx_init
                0x0000000000003cd4       0x74 zephyr/drivers/serial/libdrivers__serial.a(uart_nrfx_uart.c.obj)
 .text.uart_nrfx_fifo_fill
                0x0000000000003d48       0x40 zephyr/drivers/serial/libdrivers__serial.a(uart_nrfx_uart.c.obj)
 .text.compare_int_lock
                0x0000000000003d88       0x48 zephyr/drivers/timer/libdrivers__timer.a(nrf_rtc_timer.c.obj)
 .text.sys_clock_timeout_handler
                0x0000000000003dd0       0x48 zephyr/drivers/timer/libdrivers__timer.a(nrf_rtc_timer.c.obj)
 .text.compare_int_unlock
                0x0000000000003e18       0x5c zephyr/drivers/timer/libdrivers__timer.a(nrf_rtc_timer.c.obj)
 .text.z_nrf_rtc_timer_read
                0x0000000000003e74       0x44 zephyr/drivers/timer/libdrivers__timer.a(nrf_rtc_timer.c.obj)
                0x0000000000003e74                z_nrf_rtc_timer_read
 .text.compare_set
                0x0000000000003eb8      0x130 zephyr/drivers/timer/libdrivers__timer.a(nrf_rtc_timer.c.obj)
 .text.sys_clock_driver_init
                0x0000000000003fe8       0x90 zephyr/drivers/timer/libdrivers__timer.a(nrf_rtc_timer.c.obj)
 .text.rtc_nrf_isr
                0x0000000000004078       0xd4 zephyr/drivers/timer/libdrivers__timer.a(nrf_rtc_timer.c.obj)
                0x0000000000004078                rtc_nrf_isr
 .text.sys_clock_set_timeout
                0x000000000000414c       0x68 zephyr/drivers/timer/libdrivers__timer.a(nrf_rtc_timer.c.obj)
                0x000000000000414c                sys_clock_set_timeout
 .text.sys_clock_elapsed
                0x00000000000041b4       0x14 zephyr/drivers/timer/libdrivers__timer.a(nrf_rtc_timer.c.obj)
                0x00000000000041b4                sys_clock_elapsed
 .text.sys_clock_disable
                0x00000000000041c8       0x30 zephyr/drivers/timer/libdrivers__timer.a(nrf_rtc_timer.c.obj)
                0x00000000000041c8                sys_clock_disable
 .text.nrf52_errata_98
                0x00000000000041f8       0x24 modules/hal_nordic/nrfx/libmodules__hal_nordic__nrfx.a(system_nrf52840.c.obj)
 .text.nvmc_wait
                0x000000000000421c       0x10 modules/hal_nordic/nrfx/libmodules__hal_nordic__nrfx.a(system_nrf52840.c.obj)
                0x000000000000421c                nvmc_wait
 .text.SystemInit
                0x000000000000422c      0x1bc modules/hal_nordic/nrfx/libmodules__hal_nordic__nrfx.a(system_nrf52840.c.obj)
                0x000000000000422c                SystemInit
 .text.nrfx_flag32_alloc
                0x00000000000043e8       0x48 modules/hal_nordic/nrfx/libmodules__hal_nordic__nrfx.a(nrfx_flag32_allocator.c.obj)
                0x00000000000043e8                nrfx_flag32_alloc
 .text.nrfx_flag32_free
                0x0000000000004430       0x40 modules/hal_nordic/nrfx/libmodules__hal_nordic__nrfx.a(nrfx_flag32_allocator.c.obj)
                0x0000000000004430                nrfx_flag32_free
 .text.clock_stop
                0x0000000000004470       0xc4 modules/hal_nordic/nrfx/libmodules__hal_nordic__nrfx.a(nrfx_clock.c.obj)
 .text.nrfx_clock_init
                0x0000000000004534       0x20 modules/hal_nordic/nrfx/libmodules__hal_nordic__nrfx.a(nrfx_clock.c.obj)
                0x0000000000004534                nrfx_clock_init
 .text.nrfx_clock_enable
                0x0000000000004554       0x24 modules/hal_nordic/nrfx/libmodules__hal_nordic__nrfx.a(nrfx_clock.c.obj)
                0x0000000000004554                nrfx_clock_enable
 .text.nrfx_clock_irq_handler
                0x0000000000004578       0x68 modules/hal_nordic/nrfx/libmodules__hal_nordic__nrfx.a(nrfx_clock.c.obj)
                0x0000000000004578                nrfx_clock_irq_handler
 .text.nrf_gpio_pin_port_decode
                0x00000000000045e0       0x20 modules/hal_nordic/nrfx/libmodules__hal_nordic__nrfx.a(nrfx_gpiote.c.obj)
 .text.get_pin_idx
                0x0000000000004600       0x14 modules/hal_nordic/nrfx/libmodules__hal_nordic__nrfx.a(nrfx_gpiote.c.obj)
 .text.pin_in_use_by_te
                0x0000000000004614       0x18 modules/hal_nordic/nrfx/libmodules__hal_nordic__nrfx.a(nrfx_gpiote.c.obj)
 .text.pin_is_output
                0x000000000000462c       0x18 modules/hal_nordic/nrfx/libmodules__hal_nordic__nrfx.a(nrfx_gpiote.c.obj)
 .text.pin_te_get
                0x0000000000004644       0x18 modules/hal_nordic/nrfx/libmodules__hal_nordic__nrfx.a(nrfx_gpiote.c.obj)
 .text.call_handler
                0x000000000000465c       0x40 modules/hal_nordic/nrfx/libmodules__hal_nordic__nrfx.a(nrfx_gpiote.c.obj)
 .text.release_handler
                0x000000000000469c       0x58 modules/hal_nordic/nrfx/libmodules__hal_nordic__nrfx.a(nrfx_gpiote.c.obj)
 .text.__nrfy_internal_gpiote_events_process.constprop.0
                0x00000000000046f4       0x54 modules/hal_nordic/nrfx/libmodules__hal_nordic__nrfx.a(nrfx_gpiote.c.obj)
 .text.nrfx_gpiote_input_configure
                0x0000000000004748      0x180 modules/hal_nordic/nrfx/libmodules__hal_nordic__nrfx.a(nrfx_gpiote.c.obj)
                0x0000000000004748                nrfx_gpiote_input_configure
 .text.nrfx_gpiote_output_configure
                0x00000000000048c8       0xf4 modules/hal_nordic/nrfx/libmodules__hal_nordic__nrfx.a(nrfx_gpiote.c.obj)
                0x00000000000048c8                nrfx_gpiote_output_configure
 .text.nrfx_gpiote_global_callback_set
                0x00000000000049bc        0xc modules/hal_nordic/nrfx/libmodules__hal_nordic__nrfx.a(nrfx_gpiote.c.obj)
                0x00000000000049bc                nrfx_gpiote_global_callback_set
 .text.nrfx_gpiote_channel_get
                0x00000000000049c8       0x30 modules/hal_nordic/nrfx/libmodules__hal_nordic__nrfx.a(nrfx_gpiote.c.obj)
                0x00000000000049c8                nrfx_gpiote_channel_get
 .text.nrfx_gpiote_init
                0x00000000000049f8       0x50 modules/hal_nordic/nrfx/libmodules__hal_nordic__nrfx.a(nrfx_gpiote.c.obj)
                0x00000000000049f8                nrfx_gpiote_init
 .text.nrfx_gpiote_is_init
                0x0000000000004a48       0x14 modules/hal_nordic/nrfx/libmodules__hal_nordic__nrfx.a(nrfx_gpiote.c.obj)
                0x0000000000004a48                nrfx_gpiote_is_init
 .text.nrfx_gpiote_channel_free
                0x0000000000004a5c        0xc modules/hal_nordic/nrfx/libmodules__hal_nordic__nrfx.a(nrfx_gpiote.c.obj)
                0x0000000000004a5c                nrfx_gpiote_channel_free
 .text.nrfx_gpiote_channel_alloc
                0x0000000000004a68        0xc modules/hal_nordic/nrfx/libmodules__hal_nordic__nrfx.a(nrfx_gpiote.c.obj)
                0x0000000000004a68                nrfx_gpiote_channel_alloc
 .text.nrfx_gpiote_trigger_enable
                0x0000000000004a74       0x9c modules/hal_nordic/nrfx/libmodules__hal_nordic__nrfx.a(nrfx_gpiote.c.obj)
                0x0000000000004a74                nrfx_gpiote_trigger_enable
 .text.nrfx_gpiote_trigger_disable
                0x0000000000004b10       0x4c modules/hal_nordic/nrfx/libmodules__hal_nordic__nrfx.a(nrfx_gpiote.c.obj)
                0x0000000000004b10                nrfx_gpiote_trigger_disable
 .text.nrfx_gpiote_pin_uninit
                0x0000000000004b5c       0x80 modules/hal_nordic/nrfx/libmodules__hal_nordic__nrfx.a(nrfx_gpiote.c.obj)
                0x0000000000004b5c                nrfx_gpiote_pin_uninit
 .text.nrfx_gpiote_irq_handler
                0x0000000000004bdc      0x1a8 modules/hal_nordic/nrfx/libmodules__hal_nordic__nrfx.a(nrfx_gpiote.c.obj)
                0x0000000000004bdc                nrfx_gpiote_irq_handler
 .text.nrfx_power_init
                0x0000000000004d84       0x74 modules/hal_nordic/nrfx/libmodules__hal_nordic__nrfx.a(nrfx_power.c.obj)
                0x0000000000004d84                nrfx_power_init
 .text.nrfx_power_usbevt_uninit
                0x0000000000004df8       0x18 modules/hal_nordic/nrfx/libmodules__hal_nordic__nrfx.a(nrfx_power.c.obj)
                0x0000000000004df8                nrfx_power_usbevt_uninit
 .text.nrfx_power_usbevt_init
                0x0000000000004e10       0x14 modules/hal_nordic/nrfx/libmodules__hal_nordic__nrfx.a(nrfx_power.c.obj)
                0x0000000000004e10                nrfx_power_usbevt_init
 .text.nrfx_power_irq_handler
                0x0000000000004e24       0xa0 modules/hal_nordic/nrfx/libmodules__hal_nordic__nrfx.a(nrfx_power.c.obj)
                0x0000000000004e24                nrfx_power_irq_handler
 .text.nrf52_errata_187
                0x0000000000004ec4       0x28 modules/hal_nordic/nrfx/libmodules__hal_nordic__nrfx.a(nrfx_usbd.c.obj)
 .text.ep_state_access
                0x0000000000004eec       0x1c modules/hal_nordic/nrfx/libmodules__hal_nordic__nrfx.a(nrfx_usbd.c.obj)
 .text.ev_usbreset_handler
                0x0000000000004f08       0x2c modules/hal_nordic/nrfx/libmodules__hal_nordic__nrfx.a(nrfx_usbd.c.obj)
 .text.ev_usbevent_handler
                0x0000000000004f34       0x74 modules/hal_nordic/nrfx/libmodules__hal_nordic__nrfx.a(nrfx_usbd.c.obj)
 .text.usbd_errata_187_211_begin
                0x0000000000004fa8       0x40 modules/hal_nordic/nrfx/libmodules__hal_nordic__nrfx.a(nrfx_usbd.c.obj)
 .text.usbd_errata_187_211_end
                0x0000000000004fe8       0x40 modules/hal_nordic/nrfx/libmodules__hal_nordic__nrfx.a(nrfx_usbd.c.obj)
 .text.nrfx_usbd_feeder_flash
                0x0000000000005028       0x38 modules/hal_nordic/nrfx/libmodules__hal_nordic__nrfx.a(nrfx_usbd.c.obj)
                0x0000000000005028                nrfx_usbd_feeder_flash
 .text.nrfx_usbd_feeder_flash_zlp
                0x0000000000005060       0x40 modules/hal_nordic/nrfx/libmodules__hal_nordic__nrfx.a(nrfx_usbd.c.obj)
                0x0000000000005060                nrfx_usbd_feeder_flash_zlp
 .text.ev_sof_handler
                0x00000000000050a0       0x44 modules/hal_nordic/nrfx/libmodules__hal_nordic__nrfx.a(nrfx_usbd.c.obj)
 .text.atomic_and.constprop.0.isra.0
                0x00000000000050e4       0x20 modules/hal_nordic/nrfx/libmodules__hal_nordic__nrfx.a(nrfx_usbd.c.obj)
 .text.usbd_dma_pending_clear
                0x0000000000005104       0x24 modules/hal_nordic/nrfx/libmodules__hal_nordic__nrfx.a(nrfx_usbd.c.obj)
 .text.nrf_usbd_ep0in_dma_handler
                0x0000000000005128       0x2c modules/hal_nordic/nrfx/libmodules__hal_nordic__nrfx.a(nrfx_usbd.c.obj)
 .text.usbd_ep_data_handler
                0x0000000000005154       0x8c modules/hal_nordic/nrfx/libmodules__hal_nordic__nrfx.a(nrfx_usbd.c.obj)
 .text.ev_setup_data_handler
                0x00000000000051e0       0x1c modules/hal_nordic/nrfx/libmodules__hal_nordic__nrfx.a(nrfx_usbd.c.obj)
 .text.ev_dma_epout8_handler
                0x00000000000051fc       0x40 modules/hal_nordic/nrfx/libmodules__hal_nordic__nrfx.a(nrfx_usbd.c.obj)
 .text.ev_dma_epin8_handler
                0x000000000000523c       0x50 modules/hal_nordic/nrfx/libmodules__hal_nordic__nrfx.a(nrfx_usbd.c.obj)
 .text.nrfx_usbd_uninit
                0x000000000000528c       0x14 modules/hal_nordic/nrfx/libmodules__hal_nordic__nrfx.a(nrfx_usbd.c.obj)
                0x000000000000528c                nrfx_usbd_uninit
 .text.nrfx_usbd_enable
                0x00000000000052a0      0x158 modules/hal_nordic/nrfx/libmodules__hal_nordic__nrfx.a(nrfx_usbd.c.obj)
                0x00000000000052a0                nrfx_usbd_enable
 .text.nrfx_usbd_start
                0x00000000000053f8       0x3c modules/hal_nordic/nrfx/libmodules__hal_nordic__nrfx.a(nrfx_usbd.c.obj)
                0x00000000000053f8                nrfx_usbd_start
 .text.nrfx_usbd_is_enabled
                0x0000000000005434       0x14 modules/hal_nordic/nrfx/libmodules__hal_nordic__nrfx.a(nrfx_usbd.c.obj)
                0x0000000000005434                nrfx_usbd_is_enabled
 .text.nrfx_usbd_suspend
                0x0000000000005448       0x58 modules/hal_nordic/nrfx/libmodules__hal_nordic__nrfx.a(nrfx_usbd.c.obj)
                0x0000000000005448                nrfx_usbd_suspend
 .text.nrfx_usbd_init
                0x00000000000054a0       0x84 modules/hal_nordic/nrfx/libmodules__hal_nordic__nrfx.a(nrfx_usbd.c.obj)
                0x00000000000054a0                nrfx_usbd_init
 .text.nrfx_usbd_ep_transfer
                0x0000000000005524       0xf4 modules/hal_nordic/nrfx/libmodules__hal_nordic__nrfx.a(nrfx_usbd.c.obj)
                0x0000000000005524                nrfx_usbd_ep_transfer
 .text.nrfx_usbd_epout_size_get
                0x0000000000005618       0x28 modules/hal_nordic/nrfx/libmodules__hal_nordic__nrfx.a(nrfx_usbd.c.obj)
                0x0000000000005618                nrfx_usbd_epout_size_get
 .text.usbd_dmareq_process
                0x0000000000005640      0x1c0 modules/hal_nordic/nrfx/libmodules__hal_nordic__nrfx.a(nrfx_usbd.c.obj)
 .text.ev_epdata_handler
                0x0000000000005800       0x44 modules/hal_nordic/nrfx/libmodules__hal_nordic__nrfx.a(nrfx_usbd.c.obj)
 .text.nrf_usbd_epout_dma_handler
                0x0000000000005844       0x64 modules/hal_nordic/nrfx/libmodules__hal_nordic__nrfx.a(nrfx_usbd.c.obj)
 .text.nrfx_usbd_ep_stall
                0x00000000000058a8       0x10 modules/hal_nordic/nrfx/libmodules__hal_nordic__nrfx.a(nrfx_usbd.c.obj)
                0x00000000000058a8                nrfx_usbd_ep_stall
 .text.nrfx_usbd_ep_stall_check
                0x00000000000058b8       0x34 modules/hal_nordic/nrfx/libmodules__hal_nordic__nrfx.a(nrfx_usbd.c.obj)
                0x00000000000058b8                nrfx_usbd_ep_stall_check
 .text.nrfx_usbd_ep_dtoggle_clear
                0x00000000000058ec       0x18 modules/hal_nordic/nrfx/libmodules__hal_nordic__nrfx.a(nrfx_usbd.c.obj)
                0x00000000000058ec                nrfx_usbd_ep_dtoggle_clear
 .text.nrfx_usbd_setup_get
                0x0000000000005904       0x44 modules/hal_nordic/nrfx/libmodules__hal_nordic__nrfx.a(nrfx_usbd.c.obj)
                0x0000000000005904                nrfx_usbd_setup_get
 .text.nrfx_usbd_setup_data_clear
                0x0000000000005948       0x10 modules/hal_nordic/nrfx/libmodules__hal_nordic__nrfx.a(nrfx_usbd.c.obj)
                0x0000000000005948                nrfx_usbd_setup_data_clear
 .text.ev_dma_epout0_handler
                0x0000000000005958       0x50 modules/hal_nordic/nrfx/libmodules__hal_nordic__nrfx.a(nrfx_usbd.c.obj)
 .text.nrfx_usbd_setup_clear
                0x00000000000059a8       0x10 modules/hal_nordic/nrfx/libmodules__hal_nordic__nrfx.a(nrfx_usbd.c.obj)
                0x00000000000059a8                nrfx_usbd_setup_clear
 .text.nrfx_usbd_setup_stall
                0x00000000000059b8       0x10 modules/hal_nordic/nrfx/libmodules__hal_nordic__nrfx.a(nrfx_usbd.c.obj)
                0x00000000000059b8                nrfx_usbd_setup_stall
 .text.nrfx_usbd_last_setup_dir_get
                0x00000000000059c8        0xc modules/hal_nordic/nrfx/libmodules__hal_nordic__nrfx.a(nrfx_usbd.c.obj)
                0x00000000000059c8                nrfx_usbd_last_setup_dir_get
 .text.nrfx_usbd_transfer_out_drop
                0x00000000000059d4       0x54 modules/hal_nordic/nrfx/libmodules__hal_nordic__nrfx.a(nrfx_usbd.c.obj)
                0x00000000000059d4                nrfx_usbd_transfer_out_drop
 .text.usbd_ep_abort
                0x0000000000005a28       0xf4 modules/hal_nordic/nrfx/libmodules__hal_nordic__nrfx.a(nrfx_usbd.c.obj)
 .text.ev_setup_handler
                0x0000000000005b1c       0x68 modules/hal_nordic/nrfx/libmodules__hal_nordic__nrfx.a(nrfx_usbd.c.obj)
 .text.nrfx_usbd_irq_handler
                0x0000000000005b84       0x7c modules/hal_nordic/nrfx/libmodules__hal_nordic__nrfx.a(nrfx_usbd.c.obj)
                0x0000000000005b84                nrfx_usbd_irq_handler
 .text.nrfx_usbd_stop
                0x0000000000005c00       0x80 modules/hal_nordic/nrfx/libmodules__hal_nordic__nrfx.a(nrfx_usbd.c.obj)
                0x0000000000005c00                nrfx_usbd_stop
 .text.nrfx_usbd_disable
                0x0000000000005c80       0x60 modules/hal_nordic/nrfx/libmodules__hal_nordic__nrfx.a(nrfx_usbd.c.obj)
                0x0000000000005c80                nrfx_usbd_disable
 .text.nrfx_usbd_ep_disable
                0x0000000000005ce0       0x58 modules/hal_nordic/nrfx/libmodules__hal_nordic__nrfx.a(nrfx_usbd.c.obj)
                0x0000000000005ce0                nrfx_usbd_ep_disable
 .text.nrfx_usbd_ep_enable
                0x0000000000005d38       0xa8 modules/hal_nordic/nrfx/libmodules__hal_nordic__nrfx.a(nrfx_usbd.c.obj)
                0x0000000000005d38                nrfx_usbd_ep_enable
 .text.nrfx_usbd_ep_stall_clear
                0x0000000000005de0       0x20 modules/hal_nordic/nrfx/libmodules__hal_nordic__nrfx.a(nrfx_usbd.c.obj)
                0x0000000000005de0                nrfx_usbd_ep_stall_clear
 .text.z_fatal_error
                0x0000000000005e00       0x38 zephyr/kernel/libkernel.a(fatal.c.obj)
                0x0000000000005e00                z_fatal_error
 .text.z_sys_init_run_level
                0x0000000000005e38       0x48 zephyr/kernel/libkernel.a(init.c.obj)
 .text.bg_thread_main
                0x0000000000005e80       0x34 zephyr/kernel/libkernel.a(init.c.obj)
 .text.z_bss_zero
                0x0000000000005eb4       0x18 zephyr/kernel/libkernel.a(init.c.obj)
                0x0000000000005eb4                z_bss_zero
 .text.z_init_cpu
                0x0000000000005ecc       0x84 zephyr/kernel/libkernel.a(init.c.obj)
                0x0000000000005ecc                z_init_cpu
 .text.z_cstart
                0x0000000000005f50       0xdc zephyr/kernel/libkernel.a(init.c.obj)
                0x0000000000005f50                z_cstart
 .text.init_mem_slab_module
                0x000000000000602c       0x24 zephyr/kernel/libkernel.a(mem_slab.c.obj)
 .text.k_mem_slab_alloc
                0x0000000000006050       0x5c zephyr/kernel/libkernel.a(mem_slab.c.obj)
                0x0000000000006050                k_mem_slab_alloc
 .text.z_setup_new_thread
                0x00000000000060ac       0x7c zephyr/kernel/libkernel.a(thread.c.obj)
                0x00000000000060ac                z_setup_new_thread
 .text.z_impl_k_thread_create
                0x0000000000006128       0x58 zephyr/kernel/libkernel.a(thread.c.obj)
                0x0000000000006128                z_impl_k_thread_create
 .text.z_init_static_threads
                0x0000000000006180       0xb8 zephyr/kernel/libkernel.a(thread.c.obj)
                0x0000000000006180                z_init_static_threads
 .text.z_impl_k_mutex_lock
                0x0000000000006238       0xf4 zephyr/kernel/libkernel.a(mutex.c.obj)
                0x0000000000006238                z_impl_k_mutex_lock
 .text.z_impl_k_mutex_unlock
                0x000000000000632c       0x78 zephyr/kernel/libkernel.a(mutex.c.obj)
                0x000000000000632c                z_impl_k_mutex_unlock
 .text.z_impl_k_queue_get
                0x00000000000063a4       0x68 zephyr/kernel/libkernel.a(queue.c.obj)
                0x00000000000063a4                z_impl_k_queue_get
 .text.z_impl_k_sem_give
                0x000000000000640c       0x48 zephyr/kernel/libkernel.a(sem.c.obj)
                0x000000000000640c                z_impl_k_sem_give
 .text.z_impl_k_sem_take
                0x0000000000006454       0x50 zephyr/kernel/libkernel.a(sem.c.obj)
                0x0000000000006454                z_impl_k_sem_take
 .text.work_queue_main
                0x00000000000064a4      0x138 zephyr/kernel/libkernel.a(work.c.obj)
 .text.submit_to_queue_locked
                0x00000000000065dc       0xb4 zephyr/kernel/libkernel.a(work.c.obj)
 .text.k_work_queue_start
                0x0000000000006690       0x70 zephyr/kernel/libkernel.a(work.c.obj)
                0x0000000000006690                k_work_queue_start
 .text.k_work_schedule_for_queue
                0x0000000000006700       0x54 zephyr/kernel/libkernel.a(work.c.obj)
                0x0000000000006700                k_work_schedule_for_queue
 .text.sliceable
                0x0000000000006754       0x3c zephyr/kernel/libkernel.a(sched.c.obj)
 .text.slice_timeout
                0x0000000000006790       0x20 zephyr/kernel/libkernel.a(sched.c.obj)
 .text.z_reset_time_slice
                0x00000000000067b0       0x50 zephyr/kernel/libkernel.a(sched.c.obj)
                0x00000000000067b0                z_reset_time_slice
 .text.update_cache
                0x0000000000006800       0x3c zephyr/kernel/libkernel.a(sched.c.obj)
 .text.move_thread_to_end_of_prio_q
                0x000000000000683c       0x74 zephyr/kernel/libkernel.a(sched.c.obj)
 .text.ready_thread
                0x00000000000068b0       0x68 zephyr/kernel/libkernel.a(sched.c.obj)
 .text.unready_thread
                0x0000000000006918       0x30 zephyr/kernel/libkernel.a(sched.c.obj)
 .text.pend_locked
                0x0000000000006948       0x30 zephyr/kernel/libkernel.a(sched.c.obj)
 .text.z_time_slice
                0x0000000000006978       0x60 zephyr/kernel/libkernel.a(sched.c.obj)
                0x0000000000006978                z_time_slice
 .text.z_pend_curr
                0x00000000000069d8       0x3c zephyr/kernel/libkernel.a(sched.c.obj)
                0x00000000000069d8                z_pend_curr
 .text.z_set_prio
                0x0000000000006a14       0x8c zephyr/kernel/libkernel.a(sched.c.obj)
                0x0000000000006a14                z_set_prio
 .text.z_reschedule
                0x0000000000006aa0       0x24 zephyr/kernel/libkernel.a(sched.c.obj)
                0x0000000000006aa0                z_reschedule
 .text.z_sched_start
                0x0000000000006ac4       0x3c zephyr/kernel/libkernel.a(sched.c.obj)
                0x0000000000006ac4                z_sched_start
 .text.z_impl_k_thread_suspend
                0x0000000000006b00       0x64 zephyr/kernel/libkernel.a(sched.c.obj)
                0x0000000000006b00                z_impl_k_thread_suspend
 .text.k_sched_lock
                0x0000000000006b64       0x28 zephyr/kernel/libkernel.a(sched.c.obj)
                0x0000000000006b64                k_sched_lock
 .text.k_sched_unlock
                0x0000000000006b8c       0x38 zephyr/kernel/libkernel.a(sched.c.obj)
                0x0000000000006b8c                k_sched_unlock
 .text.z_sched_init
                0x0000000000006bc4       0x10 zephyr/kernel/libkernel.a(sched.c.obj)
                0x0000000000006bc4                z_sched_init
 .text.z_impl_k_yield
                0x0000000000006bd4       0x7c zephyr/kernel/libkernel.a(sched.c.obj)
                0x0000000000006bd4                z_impl_k_yield
 .text.z_tick_sleep
                0x0000000000006c50       0x88 zephyr/kernel/libkernel.a(sched.c.obj)
 .text.z_impl_k_sleep
                0x0000000000006cd8       0x34 zephyr/kernel/libkernel.a(sched.c.obj)
                0x0000000000006cd8                z_impl_k_sleep
 .text.z_impl_k_usleep
                0x0000000000006d0c       0x34 zephyr/kernel/libkernel.a(sched.c.obj)
                0x0000000000006d0c                z_impl_k_usleep
 .text.z_impl_z_current_get
                0x0000000000006d40        0xc zephyr/kernel/libkernel.a(sched.c.obj)
                0x0000000000006d40                z_impl_z_current_get
 .text.z_thread_abort
                0x0000000000006d4c       0xc0 zephyr/kernel/libkernel.a(sched.c.obj)
                0x0000000000006d4c                z_thread_abort
 .text.z_sched_wait
                0x0000000000006e0c       0x24 zephyr/kernel/libkernel.a(sched.c.obj)
                0x0000000000006e0c                z_sched_wait
 .text.z_data_copy
                0x0000000000006e30       0x34 zephyr/kernel/libkernel.a(xip.c.obj)
                0x0000000000006e30                z_data_copy
 .text.elapsed  0x0000000000006e64       0x14 zephyr/kernel/libkernel.a(timeout.c.obj)
 .text.next_timeout
                0x0000000000006e78       0x40 zephyr/kernel/libkernel.a(timeout.c.obj)
 .text.remove_timeout
                0x0000000000006eb8       0x38 zephyr/kernel/libkernel.a(timeout.c.obj)
 .text.z_add_timeout
                0x0000000000006ef0       0xec zephyr/kernel/libkernel.a(timeout.c.obj)
                0x0000000000006ef0                z_add_timeout
 .text.sys_clock_announce
                0x0000000000006fdc       0xd4 zephyr/kernel/libkernel.a(timeout.c.obj)
                0x0000000000006fdc                sys_clock_announce
 .text.sys_clock_tick_get
                0x00000000000070b0       0x34 zephyr/kernel/libkernel.a(timeout.c.obj)
                0x00000000000070b0                sys_clock_tick_get
 .text.z_thread_aligned_alloc
                0x00000000000070e4       0x40 zephyr/kernel/libkernel.a(mempool.c.obj)
                0x00000000000070e4                z_thread_aligned_alloc
 .text.boot_banner
                0x0000000000007124        0xc zephyr/kernel/libkernel.a(banner.c.obj)
                0x0000000000007124                boot_banner
 .text.statics_init
                0x0000000000007130       0x24 zephyr/kernel/libkernel.a(kheap.c.obj)
 .text.k_sys_work_q_init
                0x0000000000007154       0x34 zephyr/kernel/libkernel.a(system_work_q.c.obj)
 .text.nrf_cc3xx_platform_init
                0x0000000000007188       0x44 /opt/nordic/ncs/v2.5.0-rc2/nrfxlib/crypto/nrf_cc310_platform/lib/cortex-m4/soft-float/no-interrupts/libnrf_cc310_platform_0.9.18.a(nrf_cc3xx_platform.c.obj)
                0x0000000000007188                nrf_cc3xx_platform_init
 .text.nrf_cc3xx_platform_abort
                0x00000000000071cc       0x24 /opt/nordic/ncs/v2.5.0-rc2/nrfxlib/crypto/nrf_cc310_platform/lib/cortex-m4/soft-float/no-interrupts/libnrf_cc310_platform_0.9.18.a(nrf_cc3xx_platform_abort.c.obj)
 .text.CC_PalAbort
                0x00000000000071f0       0x34 /opt/nordic/ncs/v2.5.0-rc2/nrfxlib/crypto/nrf_cc310_platform/lib/cortex-m4/soft-float/no-interrupts/libnrf_cc310_platform_0.9.18.a(nrf_cc3xx_platform_abort.c.obj)
                0x00000000000071f0                CC_PalAbort
 .text.nrf_cc3xx_platform_set_abort
                0x0000000000007224       0x10 /opt/nordic/ncs/v2.5.0-rc2/nrfxlib/crypto/nrf_cc310_platform/lib/cortex-m4/soft-float/no-interrupts/libnrf_cc310_platform_0.9.18.a(nrf_cc3xx_platform_abort.c.obj)
                0x0000000000007224                nrf_cc3xx_platform_set_abort
 .text.nrf_cc3xx_platform_ctr_drbg_init
                0x0000000000007234       0x60 /opt/nordic/ncs/v2.5.0-rc2/nrfxlib/crypto/nrf_cc310_platform/lib/cortex-m4/soft-float/no-interrupts/libnrf_cc310_platform_0.9.18.a(nrf_cc3xx_platform_ctr_drbg.c.obj)
                0x0000000000007234                nrf_cc3xx_platform_ctr_drbg_init
 .text.nrf_cc3xx_platform_ctr_drbg_get
                0x0000000000007294       0x44 /opt/nordic/ncs/v2.5.0-rc2/nrfxlib/crypto/nrf_cc310_platform/lib/cortex-m4/soft-float/no-interrupts/libnrf_cc310_platform_0.9.18.a(nrf_cc3xx_platform_ctr_drbg.c.obj)
                0x0000000000007294                nrf_cc3xx_platform_ctr_drbg_get
 .text.mutex_free
                0x00000000000072d8       0x34 /opt/nordic/ncs/v2.5.0-rc2/nrfxlib/crypto/nrf_cc310_platform/lib/cortex-m4/soft-float/no-interrupts/libnrf_cc310_platform_0.9.18.a(nrf_cc3xx_platform_mutex.c.obj)
 .text.mutex_lock
                0x000000000000730c       0x48 /opt/nordic/ncs/v2.5.0-rc2/nrfxlib/crypto/nrf_cc310_platform/lib/cortex-m4/soft-float/no-interrupts/libnrf_cc310_platform_0.9.18.a(nrf_cc3xx_platform_mutex.c.obj)
 .text.mutex_unlock
                0x0000000000007354       0x38 /opt/nordic/ncs/v2.5.0-rc2/nrfxlib/crypto/nrf_cc310_platform/lib/cortex-m4/soft-float/no-interrupts/libnrf_cc310_platform_0.9.18.a(nrf_cc3xx_platform_mutex.c.obj)
 .text.mutex_init
                0x000000000000738c       0x20 /opt/nordic/ncs/v2.5.0-rc2/nrfxlib/crypto/nrf_cc310_platform/lib/cortex-m4/soft-float/no-interrupts/libnrf_cc310_platform_0.9.18.a(nrf_cc3xx_platform_mutex.c.obj)
 .text.nrf_cc3xx_platform_set_mutexes
                0x00000000000073ac       0x74 /opt/nordic/ncs/v2.5.0-rc2/nrfxlib/crypto/nrf_cc310_platform/lib/cortex-m4/soft-float/no-interrupts/libnrf_cc310_platform_0.9.18.a(nrf_cc3xx_platform_mutex.c.obj)
                0x00000000000073ac                nrf_cc3xx_platform_set_mutexes
 .text.mbedtls_zeroize_internal
                0x0000000000007420       0x14 /opt/nordic/ncs/v2.5.0-rc2/nrfxlib/crypto/nrf_cc310_platform/lib/cortex-m4/soft-float/no-interrupts/libnrf_cc310_platform_0.9.18.a(mbedtls_common.c.obj)
                0x0000000000007420                mbedtls_zeroize_internal
 .text.mbedtls_platform_zeroize
                0x0000000000007434       0x14 /opt/nordic/ncs/v2.5.0-rc2/nrfxlib/crypto/nrf_cc310_platform/lib/cortex-m4/soft-float/no-interrupts/libnrf_cc310_platform_0.9.18.a(mbedtls_common.c.obj)
                0x0000000000007434                mbedtls_platform_zeroize
 .text.block_cipher_df
                0x0000000000007448      0x1d0 /opt/nordic/ncs/v2.5.0-rc2/nrfxlib/crypto/nrf_cc310_platform/lib/cortex-m4/soft-float/no-interrupts/libnrf_cc310_platform_0.9.18.a(ctr_drbg.c.obj)
 .text.ctr_drbg_update_internal
                0x0000000000007618      0x148 /opt/nordic/ncs/v2.5.0-rc2/nrfxlib/crypto/nrf_cc310_platform/lib/cortex-m4/soft-float/no-interrupts/libnrf_cc310_platform_0.9.18.a(ctr_drbg.c.obj)
 .text.mbedtls_ctr_drbg_reseed_internal
                0x0000000000007760       0xc4 /opt/nordic/ncs/v2.5.0-rc2/nrfxlib/crypto/nrf_cc310_platform/lib/cortex-m4/soft-float/no-interrupts/libnrf_cc310_platform_0.9.18.a(ctr_drbg.c.obj)
 .text.cc_mbedtls_ctr_drbg_init
                0x0000000000007824       0x2c /opt/nordic/ncs/v2.5.0-rc2/nrfxlib/crypto/nrf_cc310_platform/lib/cortex-m4/soft-float/no-interrupts/libnrf_cc310_platform_0.9.18.a(ctr_drbg.c.obj)
                0x0000000000007824                cc_mbedtls_ctr_drbg_init
 .text.cc_mbedtls_ctr_drbg_seed
                0x0000000000007850       0x98 /opt/nordic/ncs/v2.5.0-rc2/nrfxlib/crypto/nrf_cc310_platform/lib/cortex-m4/soft-float/no-interrupts/libnrf_cc310_platform_0.9.18.a(ctr_drbg.c.obj)
                0x0000000000007850                cc_mbedtls_ctr_drbg_seed
 .text.cc_mbedtls_ctr_drbg_random_with_add
                0x00000000000078e8      0x1e4 /opt/nordic/ncs/v2.5.0-rc2/nrfxlib/crypto/nrf_cc310_platform/lib/cortex-m4/soft-float/no-interrupts/libnrf_cc310_platform_0.9.18.a(ctr_drbg.c.obj)
                0x00000000000078e8                cc_mbedtls_ctr_drbg_random_with_add
 .text.entropy_update
                0x0000000000007acc       0x7c /opt/nordic/ncs/v2.5.0-rc2/nrfxlib/crypto/nrf_cc310_platform/lib/cortex-m4/soft-float/no-interrupts/libnrf_cc310_platform_0.9.18.a(entropy.c.obj)
 .text.entropy_gather_internal.part.0
                0x0000000000007b48       0x78 /opt/nordic/ncs/v2.5.0-rc2/nrfxlib/crypto/nrf_cc310_platform/lib/cortex-m4/soft-float/no-interrupts/libnrf_cc310_platform_0.9.18.a(entropy.c.obj)
 .text.cc_mbedtls_entropy_init
                0x0000000000007bc0       0x88 /opt/nordic/ncs/v2.5.0-rc2/nrfxlib/crypto/nrf_cc310_platform/lib/cortex-m4/soft-float/no-interrupts/libnrf_cc310_platform_0.9.18.a(entropy.c.obj)
                0x0000000000007bc0                cc_mbedtls_entropy_init
 .text.cc_mbedtls_entropy_func
                0x0000000000007c48      0x10c /opt/nordic/ncs/v2.5.0-rc2/nrfxlib/crypto/nrf_cc310_platform/lib/cortex-m4/soft-float/no-interrupts/libnrf_cc310_platform_0.9.18.a(entropy.c.obj)
                0x0000000000007c48                cc_mbedtls_entropy_func
 .text.RndStartupTest.constprop.0
                0x0000000000007d54       0x98 /opt/nordic/ncs/v2.5.0-rc2/nrfxlib/crypto/nrf_cc310_platform/lib/cortex-m4/soft-float/no-interrupts/libnrf_cc310_platform_0.9.18.a(cc_lib.c.obj)
 .text.CC_LibInit
                0x0000000000007dec       0xc0 /opt/nordic/ncs/v2.5.0-rc2/nrfxlib/crypto/nrf_cc310_platform/lib/cortex-m4/soft-float/no-interrupts/libnrf_cc310_platform_0.9.18.a(cc_lib.c.obj)
                0x0000000000007dec                CC_LibInit
 .text.CC_HalInit
                0x0000000000007eac        0x4 /opt/nordic/ncs/v2.5.0-rc2/nrfxlib/crypto/nrf_cc310_platform/lib/cortex-m4/soft-float/no-interrupts/libnrf_cc310_platform_0.9.18.a(cc_hal.c.obj)
                0x0000000000007eac                CC_HalInit
 .text.CC_HalTerminate
                0x0000000000007eb0        0x4 /opt/nordic/ncs/v2.5.0-rc2/nrfxlib/crypto/nrf_cc310_platform/lib/cortex-m4/soft-float/no-interrupts/libnrf_cc310_platform_0.9.18.a(cc_hal.c.obj)
                0x0000000000007eb0                CC_HalTerminate
 .text.CC_HalClearInterruptBit
                0x0000000000007eb4       0x1c /opt/nordic/ncs/v2.5.0-rc2/nrfxlib/crypto/nrf_cc310_platform/lib/cortex-m4/soft-float/no-interrupts/libnrf_cc310_platform_0.9.18.a(cc_hal.c.obj)
                0x0000000000007eb4                CC_HalClearInterruptBit
 .text.CC_HalMaskInterrupt
                0x0000000000007ed0        0xc /opt/nordic/ncs/v2.5.0-rc2/nrfxlib/crypto/nrf_cc310_platform/lib/cortex-m4/soft-float/no-interrupts/libnrf_cc310_platform_0.9.18.a(cc_hal.c.obj)
                0x0000000000007ed0                CC_HalMaskInterrupt
 .text.CC_HalWaitInterrupt
                0x0000000000007edc        0xc /opt/nordic/ncs/v2.5.0-rc2/nrfxlib/crypto/nrf_cc310_platform/lib/cortex-m4/soft-float/no-interrupts/libnrf_cc310_platform_0.9.18.a(cc_hal.c.obj)
                0x0000000000007edc                CC_HalWaitInterrupt
 .text.CC_HalWaitInterruptRND
                0x0000000000007ee8        0xc /opt/nordic/ncs/v2.5.0-rc2/nrfxlib/crypto/nrf_cc310_platform/lib/cortex-m4/soft-float/no-interrupts/libnrf_cc310_platform_0.9.18.a(cc_hal.c.obj)
                0x0000000000007ee8                CC_HalWaitInterruptRND
 .text.CC_PalInit
                0x0000000000007ef4       0x5c /opt/nordic/ncs/v2.5.0-rc2/nrfxlib/crypto/nrf_cc310_platform/lib/cortex-m4/soft-float/no-interrupts/libnrf_cc310_platform_0.9.18.a(cc_pal.c.obj)
                0x0000000000007ef4                CC_PalInit
 .text.CC_PalTerminate
                0x0000000000007f50       0x34 /opt/nordic/ncs/v2.5.0-rc2/nrfxlib/crypto/nrf_cc310_platform/lib/cortex-m4/soft-float/no-interrupts/libnrf_cc310_platform_0.9.18.a(cc_pal.c.obj)
                0x0000000000007f50                CC_PalTerminate
 .text.CC_PalDmaInit
                0x0000000000007f84        0x4 /opt/nordic/ncs/v2.5.0-rc2/nrfxlib/crypto/nrf_cc310_platform/lib/cortex-m4/soft-float/no-interrupts/libnrf_cc310_platform_0.9.18.a(cc_pal_dma.c.obj)
                0x0000000000007f84                CC_PalDmaInit
 .text.CC_PalDmaTerminate
                0x0000000000007f88        0x4 /opt/nordic/ncs/v2.5.0-rc2/nrfxlib/crypto/nrf_cc310_platform/lib/cortex-m4/soft-float/no-interrupts/libnrf_cc310_platform_0.9.18.a(cc_pal_dma.c.obj)
                0x0000000000007f88                CC_PalDmaTerminate
 .text.CC_PalWaitInterruptRND
                0x0000000000007f8c       0x2c /opt/nordic/ncs/v2.5.0-rc2/nrfxlib/crypto/nrf_cc310_platform/lib/cortex-m4/soft-float/no-interrupts/libnrf_cc310_platform_0.9.18.a(cc_pal_interrupt_ctrl.c.obj)
                0x0000000000007f8c                CC_PalWaitInterruptRND
 .text.CC_PalWaitInterrupt
                0x0000000000007fb8       0x18 /opt/nordic/ncs/v2.5.0-rc2/nrfxlib/crypto/nrf_cc310_platform/lib/cortex-m4/soft-float/no-interrupts/libnrf_cc310_platform_0.9.18.a(cc_pal_interrupt_ctrl.c.obj)
                0x0000000000007fb8                CC_PalWaitInterrupt
 .text.CC_PalMemCopyPlat
                0x0000000000007fd0        0x4 /opt/nordic/ncs/v2.5.0-rc2/nrfxlib/crypto/nrf_cc310_platform/lib/cortex-m4/soft-float/no-interrupts/libnrf_cc310_platform_0.9.18.a(cc_pal_mem.c.obj)
                0x0000000000007fd0                CC_PalMemCopyPlat
 .text.CC_PalMemSetPlat
                0x0000000000007fd4        0x4 /opt/nordic/ncs/v2.5.0-rc2/nrfxlib/crypto/nrf_cc310_platform/lib/cortex-m4/soft-float/no-interrupts/libnrf_cc310_platform_0.9.18.a(cc_pal_mem.c.obj)
                0x0000000000007fd4                CC_PalMemSetPlat
 .text.CC_PalMemSetZeroPlat
                0x0000000000007fd8        0x8 /opt/nordic/ncs/v2.5.0-rc2/nrfxlib/crypto/nrf_cc310_platform/lib/cortex-m4/soft-float/no-interrupts/libnrf_cc310_platform_0.9.18.a(cc_pal_mem.c.obj)
                0x0000000000007fd8                CC_PalMemSetZeroPlat
 .text.CC_PalMutexCreate
                0x0000000000007fe0       0x14 /opt/nordic/ncs/v2.5.0-rc2/nrfxlib/crypto/nrf_cc310_platform/lib/cortex-m4/soft-float/no-interrupts/libnrf_cc310_platform_0.9.18.a(cc_pal_mutex.c.obj)
                0x0000000000007fe0                CC_PalMutexCreate
 .text.CC_PalMutexDestroy
                0x0000000000007ff4       0x14 /opt/nordic/ncs/v2.5.0-rc2/nrfxlib/crypto/nrf_cc310_platform/lib/cortex-m4/soft-float/no-interrupts/libnrf_cc310_platform_0.9.18.a(cc_pal_mutex.c.obj)
                0x0000000000007ff4                CC_PalMutexDestroy
 .text.CC_PalMutexLock
                0x0000000000008008       0x10 /opt/nordic/ncs/v2.5.0-rc2/nrfxlib/crypto/nrf_cc310_platform/lib/cortex-m4/soft-float/no-interrupts/libnrf_cc310_platform_0.9.18.a(cc_pal_mutex.c.obj)
                0x0000000000008008                CC_PalMutexLock
 .text.CC_PalMutexUnlock
                0x0000000000008018       0x14 /opt/nordic/ncs/v2.5.0-rc2/nrfxlib/crypto/nrf_cc310_platform/lib/cortex-m4/soft-float/no-interrupts/libnrf_cc310_platform_0.9.18.a(cc_pal_mutex.c.obj)
                0x0000000000008018                CC_PalMutexUnlock
 .text.CC_PalPowerSaveModeInit
                0x000000000000802c       0x3c /opt/nordic/ncs/v2.5.0-rc2/nrfxlib/crypto/nrf_cc310_platform/lib/cortex-m4/soft-float/no-interrupts/libnrf_cc310_platform_0.9.18.a(cc_pal_pm.c.obj)
                0x000000000000802c                CC_PalPowerSaveModeInit
 .text.CC_PalPowerSaveModeSelect
                0x0000000000008068       0x84 /opt/nordic/ncs/v2.5.0-rc2/nrfxlib/crypto/nrf_cc310_platform/lib/cortex-m4/soft-float/no-interrupts/libnrf_cc310_platform_0.9.18.a(cc_pal_pm.c.obj)
                0x0000000000008068                CC_PalPowerSaveModeSelect
 .text.mutex_init
                0x00000000000080ec        0xc /opt/nordic/ncs/v2.5.0-rc2/nrfxlib/crypto/nrf_cc310_platform/lib/cortex-m4/soft-float/no-interrupts/libnrf_cc310_platform_0.9.18.a(threading_alt.c.obj)
                0x00000000000080ec                mutex_init
 .text.mutex_lock
                0x00000000000080f8        0xc /opt/nordic/ncs/v2.5.0-rc2/nrfxlib/crypto/nrf_cc310_platform/lib/cortex-m4/soft-float/no-interrupts/libnrf_cc310_platform_0.9.18.a(threading_alt.c.obj)
                0x00000000000080f8                mutex_lock
 .text.mutex_unlock
                0x0000000000008104        0xc /opt/nordic/ncs/v2.5.0-rc2/nrfxlib/crypto/nrf_cc310_platform/lib/cortex-m4/soft-float/no-interrupts/libnrf_cc310_platform_0.9.18.a(threading_alt.c.obj)
                0x0000000000008104                mutex_unlock
 .text.startTrngHW
                0x0000000000008110      0x140 /opt/nordic/ncs/v2.5.0-rc2/nrfxlib/crypto/nrf_cc310_platform/lib/cortex-m4/soft-float/no-interrupts/libnrf_cc310_platform_0.9.18.a(llf_rnd_trng90b.c.obj)
 .text.LLF_RND_RepetitionCounterTest
                0x0000000000008250       0x60 /opt/nordic/ncs/v2.5.0-rc2/nrfxlib/crypto/nrf_cc310_platform/lib/cortex-m4/soft-float/no-interrupts/libnrf_cc310_platform_0.9.18.a(llf_rnd_trng90b.c.obj)
                0x0000000000008250                LLF_RND_RepetitionCounterTest
 .text.LLF_RND_AdaptiveProportionTest
                0x00000000000082b0       0x84 /opt/nordic/ncs/v2.5.0-rc2/nrfxlib/crypto/nrf_cc310_platform/lib/cortex-m4/soft-float/no-interrupts/libnrf_cc310_platform_0.9.18.a(llf_rnd_trng90b.c.obj)
                0x00000000000082b0                LLF_RND_AdaptiveProportionTest
 .text.getTrngSource
                0x0000000000008334      0x2b4 /opt/nordic/ncs/v2.5.0-rc2/nrfxlib/crypto/nrf_cc310_platform/lib/cortex-m4/soft-float/no-interrupts/libnrf_cc310_platform_0.9.18.a(llf_rnd_trng90b.c.obj)
 .text.LLF_RND_GetTrngSource
                0x00000000000085e8       0x18 /opt/nordic/ncs/v2.5.0-rc2/nrfxlib/crypto/nrf_cc310_platform/lib/cortex-m4/soft-float/no-interrupts/libnrf_cc310_platform_0.9.18.a(llf_rnd_trng90b.c.obj)
                0x00000000000085e8                LLF_RND_GetTrngSource
 .text.LLF_RND_RunTrngStartupTest
                0x0000000000008600       0x1c /opt/nordic/ncs/v2.5.0-rc2/nrfxlib/crypto/nrf_cc310_platform/lib/cortex-m4/soft-float/no-interrupts/libnrf_cc310_platform_0.9.18.a(llf_rnd_trng90b.c.obj)
                0x0000000000008600                LLF_RND_RunTrngStartupTest
 .text.mbedtls_hardware_poll
                0x000000000000861c       0xfc /opt/nordic/ncs/v2.5.0-rc2/nrfxlib/crypto/nrf_cc310_platform/lib/cortex-m4/soft-float/no-interrupts/libnrf_cc310_platform_0.9.18.a(trng_api.c.obj)
                0x000000000000861c                mbedtls_hardware_poll
 .text.cc_mbedtls_aes_init
                0x0000000000008718       0x20 /opt/nordic/ncs/v2.5.0-rc2/nrfxlib/crypto/nrf_cc310_platform/lib/cortex-m4/soft-float/no-interrupts/libnrf_cc310_platform_0.9.18.a(aes_alt.c.obj)
                0x0000000000008718                cc_mbedtls_aes_init
 .text.cc_mbedtls_aes_free
                0x0000000000008738        0xc /opt/nordic/ncs/v2.5.0-rc2/nrfxlib/crypto/nrf_cc310_platform/lib/cortex-m4/soft-float/no-interrupts/libnrf_cc310_platform_0.9.18.a(aes_alt.c.obj)
                0x0000000000008738                cc_mbedtls_aes_free
 .text.cc_mbedtls_aes_setkey_enc
                0x0000000000008744       0x34 /opt/nordic/ncs/v2.5.0-rc2/nrfxlib/crypto/nrf_cc310_platform/lib/cortex-m4/soft-float/no-interrupts/libnrf_cc310_platform_0.9.18.a(aes_alt.c.obj)
                0x0000000000008744                cc_mbedtls_aes_setkey_enc
 .text.cc_mbedtls_aes_crypt_ecb
                0x0000000000008778       0x54 /opt/nordic/ncs/v2.5.0-rc2/nrfxlib/crypto/nrf_cc310_platform/lib/cortex-m4/soft-float/no-interrupts/libnrf_cc310_platform_0.9.18.a(aes_alt.c.obj)
                0x0000000000008778                cc_mbedtls_aes_crypt_ecb
 .text.cc_mbedtls_sha256_init
                0x00000000000087cc       0x28 /opt/nordic/ncs/v2.5.0-rc2/nrfxlib/crypto/nrf_cc310_platform/lib/cortex-m4/soft-float/no-interrupts/libnrf_cc310_platform_0.9.18.a(sha256_alt.c.obj)
                0x00000000000087cc                cc_mbedtls_sha256_init
 .text.cc_mbedtls_sha256_free
                0x00000000000087f4        0xc /opt/nordic/ncs/v2.5.0-rc2/nrfxlib/crypto/nrf_cc310_platform/lib/cortex-m4/soft-float/no-interrupts/libnrf_cc310_platform_0.9.18.a(sha256_alt.c.obj)
                0x00000000000087f4                cc_mbedtls_sha256_free
 .text.cc_mbedtls_sha256_starts
                0x0000000000008800       0x28 /opt/nordic/ncs/v2.5.0-rc2/nrfxlib/crypto/nrf_cc310_platform/lib/cortex-m4/soft-float/no-interrupts/libnrf_cc310_platform_0.9.18.a(sha256_alt.c.obj)
                0x0000000000008800                cc_mbedtls_sha256_starts
 .text.cc_mbedtls_sha256_update
                0x0000000000008828       0x54 /opt/nordic/ncs/v2.5.0-rc2/nrfxlib/crypto/nrf_cc310_platform/lib/cortex-m4/soft-float/no-interrupts/libnrf_cc310_platform_0.9.18.a(sha256_alt.c.obj)
                0x0000000000008828                cc_mbedtls_sha256_update
 .text.cc_mbedtls_sha256_finish
                0x000000000000887c       0x48 /opt/nordic/ncs/v2.5.0-rc2/nrfxlib/crypto/nrf_cc310_platform/lib/cortex-m4/soft-float/no-interrupts/libnrf_cc310_platform_0.9.18.a(sha256_alt.c.obj)
                0x000000000000887c                cc_mbedtls_sha256_finish
 .text.mbedtls_sha_starts_internal
                0x00000000000088c4       0x28 /opt/nordic/ncs/v2.5.0-rc2/nrfxlib/crypto/nrf_cc310_platform/lib/cortex-m4/soft-float/no-interrupts/libnrf_cc310_platform_0.9.18.a(mbedtls_hash_common.c.obj)
                0x00000000000088c4                mbedtls_sha_starts_internal
 .text.mbedtls_sha_finish_internal
                0x00000000000088ec       0x5c /opt/nordic/ncs/v2.5.0-rc2/nrfxlib/crypto/nrf_cc310_platform/lib/cortex-m4/soft-float/no-interrupts/libnrf_cc310_platform_0.9.18.a(mbedtls_hash_common.c.obj)
                0x00000000000088ec                mbedtls_sha_finish_internal
 .text.mbedtls_sha_update_internal
                0x0000000000008948      0x1ec /opt/nordic/ncs/v2.5.0-rc2/nrfxlib/crypto/nrf_cc310_platform/lib/cortex-m4/soft-float/no-interrupts/libnrf_cc310_platform_0.9.18.a(mbedtls_hash_common.c.obj)
                0x0000000000008948                mbedtls_sha_update_internal
 .text.cc_mbedtls_sha256
                0x0000000000008b34       0x50 /opt/nordic/ncs/v2.5.0-rc2/nrfxlib/crypto/nrf_cc310_platform/lib/cortex-m4/soft-float/no-interrupts/libnrf_cc310_platform_0.9.18.a(sha256.c.obj)
                0x0000000000008b34                cc_mbedtls_sha256
 .text.RNG_PLAT_SetUserRngParameters
                0x0000000000008b84       0x74 /opt/nordic/ncs/v2.5.0-rc2/nrfxlib/crypto/nrf_cc310_platform/lib/cortex-m4/soft-float/no-interrupts/libnrf_cc310_platform_0.9.18.a(cc_rng_plat.c.obj)
                0x0000000000008b84                RNG_PLAT_SetUserRngParameters
 .text.CC_PalTrngParamGet
                0x0000000000008bf8       0xa8 /opt/nordic/ncs/v2.5.0-rc2/nrfxlib/crypto/nrf_cc310_platform/lib/cortex-m4/soft-float/no-interrupts/libnrf_cc310_platform_0.9.18.a(cc_pal_trng.c.obj)
                0x0000000000008bf8                CC_PalTrngParamGet
 .text.LLF_RND_WaitRngInterrupt
                0x0000000000008ca0       0x20 /opt/nordic/ncs/v2.5.0-rc2/nrfxlib/crypto/nrf_cc310_platform/lib/cortex-m4/soft-float/no-interrupts/libnrf_cc310_platform_0.9.18.a(llf_rnd.c.obj)
                0x0000000000008ca0                LLF_RND_WaitRngInterrupt
 .text.LLF_RND_GetRoscSampleCnt
                0x0000000000008cc0       0x34 /opt/nordic/ncs/v2.5.0-rc2/nrfxlib/crypto/nrf_cc310_platform/lib/cortex-m4/soft-float/no-interrupts/libnrf_cc310_platform_0.9.18.a(llf_rnd.c.obj)
                0x0000000000008cc0                LLF_RND_GetRoscSampleCnt
 .text.LLF_RND_GetFastestRosc
                0x0000000000008cf4       0x20 /opt/nordic/ncs/v2.5.0-rc2/nrfxlib/crypto/nrf_cc310_platform/lib/cortex-m4/soft-float/no-interrupts/libnrf_cc310_platform_0.9.18.a(llf_rnd.c.obj)
                0x0000000000008cf4                LLF_RND_GetFastestRosc
 .text.LLF_RND_TurnOffTrng
                0x0000000000008d14       0x18 /opt/nordic/ncs/v2.5.0-rc2/nrfxlib/crypto/nrf_cc310_platform/lib/cortex-m4/soft-float/no-interrupts/libnrf_cc310_platform_0.9.18.a(llf_rnd.c.obj)
                0x0000000000008d14                LLF_RND_TurnOffTrng
 .text.SetDataBuffersInfo
                0x0000000000008d2c       0x68 /opt/nordic/ncs/v2.5.0-rc2/nrfxlib/crypto/nrf_cc310_platform/lib/cortex-m4/soft-float/no-interrupts/libnrf_cc310_platform_0.9.18.a(driver_common.c.obj)
                0x0000000000008d2c                SetDataBuffersInfo
 .text.InitHashDrv
                0x0000000000008d94       0x50 /opt/nordic/ncs/v2.5.0-rc2/nrfxlib/crypto/nrf_cc310_platform/lib/cortex-m4/soft-float/no-interrupts/libnrf_cc310_platform_0.9.18.a(hash_driver.c.obj)
                0x0000000000008d94                InitHashDrv
 .text.ProcessHashDrv
                0x0000000000008de4      0x22c /opt/nordic/ncs/v2.5.0-rc2/nrfxlib/crypto/nrf_cc310_platform/lib/cortex-m4/soft-float/no-interrupts/libnrf_cc310_platform_0.9.18.a(hash_driver.c.obj)
                0x0000000000008de4                ProcessHashDrv
 .text.FinishHashDrv
                0x0000000000009010       0x70 /opt/nordic/ncs/v2.5.0-rc2/nrfxlib/crypto/nrf_cc310_platform/lib/cortex-m4/soft-float/no-interrupts/libnrf_cc310_platform_0.9.18.a(hash_driver.c.obj)
                0x0000000000009010                FinishHashDrv
 .text.LoadAesKey
                0x0000000000009080       0xa8 /opt/nordic/ncs/v2.5.0-rc2/nrfxlib/crypto/nrf_cc310_platform/lib/cortex-m4/soft-float/no-interrupts/libnrf_cc310_platform_0.9.18.a(aes_driver.c.obj)
 .text.InitAes.part.0
                0x0000000000009128       0xe4 /opt/nordic/ncs/v2.5.0-rc2/nrfxlib/crypto/nrf_cc310_platform/lib/cortex-m4/soft-float/no-interrupts/libnrf_cc310_platform_0.9.18.a(aes_driver.c.obj)
 .text.write_invalid_key
                0x000000000000920c       0x30 /opt/nordic/ncs/v2.5.0-rc2/nrfxlib/crypto/nrf_cc310_platform/lib/cortex-m4/soft-float/no-interrupts/libnrf_cc310_platform_0.9.18.a(aes_driver.c.obj)
                0x000000000000920c                write_invalid_key
 .text.ProcessAesDrv
                0x000000000000923c      0x368 /opt/nordic/ncs/v2.5.0-rc2/nrfxlib/crypto/nrf_cc310_platform/lib/cortex-m4/soft-float/no-interrupts/libnrf_cc310_platform_0.9.18.a(aes_driver.c.obj)
                0x000000000000923c                ProcessAesDrv
 .text.FinishAesDrv
                0x00000000000095a4      0x254 /opt/nordic/ncs/v2.5.0-rc2/nrfxlib/crypto/nrf_cc310_platform/lib/cortex-m4/soft-float/no-interrupts/libnrf_cc310_platform_0.9.18.a(aes_driver.c.obj)
                0x00000000000095a4                FinishAesDrv
 .text.kmu_validate_slot_and_size
                0x00000000000097f8       0x1c /opt/nordic/ncs/v2.5.0-rc2/nrfxlib/crypto/nrf_cc310_platform/lib/cortex-m4/soft-float/no-interrupts/libnrf_cc310_platform_0.9.18.a(kmu_shared.c.obj)
                0x00000000000097f8                kmu_validate_slot_and_size
 .text.kmu_validate_kdr_slot_and_size
                0x0000000000009814       0x1c /opt/nordic/ncs/v2.5.0-rc2/nrfxlib/crypto/nrf_cc310_platform/lib/cortex-m4/soft-float/no-interrupts/libnrf_cc310_platform_0.9.18.a(kmu_shared.c.obj)
                0x0000000000009814                kmu_validate_kdr_slot_and_size
 .text.kmu_use_kdr_key
                0x0000000000009830       0x14 /opt/nordic/ncs/v2.5.0-rc2/nrfxlib/crypto/nrf_cc310_platform/lib/cortex-m4/soft-float/no-interrupts/libnrf_cc310_platform_0.9.18.a(kmu_shared.c.obj)
                0x0000000000009830                kmu_use_kdr_key
 .text.kmu_derive_cmac
                0x0000000000009844      0x11c /opt/nordic/ncs/v2.5.0-rc2/nrfxlib/crypto/nrf_cc310_platform/lib/cortex-m4/soft-float/no-interrupts/libnrf_cc310_platform_0.9.18.a(kmu_shared.c.obj)
                0x0000000000009844                kmu_derive_cmac
 .text.UtilCmacBuildDataForDerivation
                0x0000000000009960       0xc0 /opt/nordic/ncs/v2.5.0-rc2/nrfxlib/crypto/nrf_cc310_platform/lib/cortex-m4/soft-float/no-interrupts/libnrf_cc310_platform_0.9.18.a(cc_util_cmac.c.obj)
                0x0000000000009960                UtilCmacBuildDataForDerivation
 .text.CC_PalDataBufferAttrGet
                0x0000000000009a20        0x8 /opt/nordic/ncs/v2.5.0-rc2/nrfxlib/crypto/nrf_cc310_platform/lib/cortex-m4/soft-float/no-interrupts/libnrf_cc310_platform_0.9.18.a(cc_pal_buff_attr.c.obj)
                0x0000000000009a20                CC_PalDataBufferAttrGet
 .text.__i_vfprintf
                0x0000000000009a28      0x494 /opt/nordic/ncs/toolchains/4ef6631da0/opt/zephyr-sdk/arm-zephyr-eabi/bin/../lib/gcc/../../picolibc/arm-zephyr-eabi/lib/thumb/v7e-m/nofp/libc.a(libc_tinystdio_vfiprintf.c.o)
                0x0000000000009a28                __i_vfprintf
 .text.k_msleep.isra.0
                0x0000000000009ebc       0x20 app/libapp.a(main.c.obj)
 .text.arch_printk_char_out
                0x0000000000009edc        0x4 zephyr/libzephyr.a(printk.c.obj)
                0x0000000000009edc                arch_printk_char_out
 .text.printk   0x0000000000009ee0       0x1a zephyr/libzephyr.a(printk.c.obj)
                0x0000000000009ee0                printk
 .text.chunk_size
                0x0000000000009efa        0xa zephyr/libzephyr.a(heap.c.obj)
 .text.free_list_add
                0x0000000000009f04       0x4e zephyr/libzephyr.a(heap.c.obj)
 .text.free_list_remove_bidx
                0x0000000000009f52       0x3a zephyr/libzephyr.a(heap.c.obj)
 .text.free_list_remove
                0x0000000000009f8c       0x1a zephyr/libzephyr.a(heap.c.obj)
 .text.alloc_chunk
                0x0000000000009fa6       0x6e zephyr/libzephyr.a(heap.c.obj)
 .text.merge_chunks
                0x000000000000a014       0x2c zephyr/libzephyr.a(heap.c.obj)
 .text.split_chunks
                0x000000000000a040       0x34 zephyr/libzephyr.a(heap.c.obj)
 .text.free_chunk
                0x000000000000a074       0x62 zephyr/libzephyr.a(heap.c.obj)
 .text.sys_heap_free
                0x000000000000a0d6       0x1e zephyr/libzephyr.a(heap.c.obj)
                0x000000000000a0d6                sys_heap_free
 .text.sys_heap_alloc
                0x000000000000a0f4       0x52 zephyr/libzephyr.a(heap.c.obj)
                0x000000000000a0f4                sys_heap_alloc
 .text.sys_heap_aligned_alloc
                0x000000000000a146       0xd0 zephyr/libzephyr.a(heap.c.obj)
                0x000000000000a146                sys_heap_aligned_alloc
 .text.sys_heap_init
                0x000000000000a216       0x7a zephyr/libzephyr.a(heap.c.obj)
                0x000000000000a216                sys_heap_init
 .text.sys_slist_find_and_remove
                0x000000000000a290       0x36 zephyr/libzephyr.a(onoff.c.obj)
 .text.process_recheck
                0x000000000000a2c6       0x38 zephyr/libzephyr.a(onoff.c.obj)
 .text.validate_args
                0x000000000000a2fe       0x20 zephyr/libzephyr.a(onoff.c.obj)
 .text.notify_one
                0x000000000000a31e       0x2c zephyr/libzephyr.a(onoff.c.obj)
 .text.transition_complete
                0x000000000000a34a       0x1c zephyr/libzephyr.a(onoff.c.obj)
 .text.onoff_manager_init
                0x000000000000a366       0x26 zephyr/libzephyr.a(onoff.c.obj)
                0x000000000000a366                onoff_manager_init
 .text.onoff_request
                0x000000000000a38c       0xb0 zephyr/libzephyr.a(onoff.c.obj)
                0x000000000000a38c                onoff_request
 .text.onoff_release
                0x000000000000a43c       0x4a zephyr/libzephyr.a(onoff.c.obj)
                0x000000000000a43c                onoff_release
 .text.onoff_cancel
                0x000000000000a486       0x38 zephyr/libzephyr.a(onoff.c.obj)
                0x000000000000a486                onoff_cancel
 .text.sys_notify_validate
                0x000000000000a4be       0x22 zephyr/libzephyr.a(notify.c.obj)
                0x000000000000a4be                sys_notify_validate
 .text.sys_notify_finalize
                0x000000000000a4e0       0x1a zephyr/libzephyr.a(notify.c.obj)
                0x000000000000a4e0                sys_notify_finalize
 .text.ring_buf_put_claim
                0x000000000000a4fa       0x3e zephyr/libzephyr.a(ring_buffer.c.obj)
                0x000000000000a4fa                ring_buf_put_claim
 .text.ring_buf_put_finish
                0x000000000000a538       0x2a zephyr/libzephyr.a(ring_buffer.c.obj)
                0x000000000000a538                ring_buf_put_finish
 .text.ring_buf_put
                0x000000000000a562       0x3e zephyr/libzephyr.a(ring_buffer.c.obj)
                0x000000000000a562                ring_buf_put
 .text.ring_buf_get_claim
                0x000000000000a5a0       0x40 zephyr/libzephyr.a(ring_buffer.c.obj)
                0x000000000000a5a0                ring_buf_get_claim
 .text.ring_buf_get_finish
                0x000000000000a5e0       0x2a zephyr/libzephyr.a(ring_buffer.c.obj)
                0x000000000000a5e0                ring_buf_get_finish
 .text.ring_buf_get
                0x000000000000a60a       0x40 zephyr/libzephyr.a(ring_buffer.c.obj)
                0x000000000000a60a                ring_buf_get
 .text._ConfigAbsSyms
                0x000000000000a64a        0x2 zephyr/libzephyr.a(configs.c.obj)
                0x000000000000a64a                _ConfigAbsSyms
 .text.get_ep_bm_from_addr
                0x000000000000a64c       0x1c zephyr/libzephyr.a(usb_device.c.obj)
 .text.usb_write
                0x000000000000a668       0x30 zephyr/libzephyr.a(usb_device.c.obj)
                0x000000000000a668                usb_write
 .text.usb_get_dev_data_by_cfg
                0x000000000000a698       0x18 zephyr/libzephyr.a(usb_descriptor.c.obj)
                0x000000000000a698                usb_get_dev_data_by_cfg
 .text.usb_get_dev_data_by_iface
                0x000000000000a6b0       0x1c zephyr/libzephyr.a(usb_descriptor.c.obj)
                0x000000000000a6b0                usb_get_dev_data_by_iface
 .text.usb_get_dev_data_by_ep
                0x000000000000a6cc       0x2c zephyr/libzephyr.a(usb_descriptor.c.obj)
                0x000000000000a6cc                usb_get_dev_data_by_ep
 .text.usb_transfer_is_busy
                0x000000000000a6f8       0x16 zephyr/libzephyr.a(usb_transfer.c.obj)
                0x000000000000a6f8                usb_transfer_is_busy
 .text.cdc_interface_config
                0x000000000000a70e       0x14 zephyr/libzephyr.a(cdc_acm.c.obj)
 .text.cdc_acm_irq_callback_work_handler
                0x000000000000a722        0xa zephyr/libzephyr.a(cdc_acm.c.obj)
 .text.cdc_acm_irq_tx_disable
                0x000000000000a72c        0xa zephyr/libzephyr.a(cdc_acm.c.obj)
 .text.cdc_acm_irq_tx_ready
                0x000000000000a736        0xe zephyr/libzephyr.a(cdc_acm.c.obj)
 .text.cdc_acm_irq_rx_disable
                0x000000000000a744        0xa zephyr/libzephyr.a(cdc_acm.c.obj)
 .text.cdc_acm_irq_rx_ready
                0x000000000000a74e        0x8 zephyr/libzephyr.a(cdc_acm.c.obj)
 .text.cdc_acm_irq_is_pending
                0x000000000000a756       0x1e zephyr/libzephyr.a(cdc_acm.c.obj)
 .text.cdc_acm_irq_update
                0x000000000000a774        0x4 zephyr/libzephyr.a(cdc_acm.c.obj)
 .text.cdc_acm_irq_callback_set
                0x000000000000a778        0x8 zephyr/libzephyr.a(cdc_acm.c.obj)
 .text.cdc_acm_line_ctrl_get
                0x000000000000a780       0x32 zephyr/libzephyr.a(cdc_acm.c.obj)
 .text.cdc_acm_configure
                0x000000000000a7b2        0x4 zephyr/libzephyr.a(cdc_acm.c.obj)
 .text.cdc_acm_config_get
                0x000000000000a7b6       0x58 zephyr/libzephyr.a(cdc_acm.c.obj)
 .text.cdc_acm_line_ctrl_set
                0x000000000000a80e       0xbe zephyr/libzephyr.a(cdc_acm.c.obj)
 .text.cdc_acm_fifo_read
                0x000000000000a8cc       0x54 zephyr/libzephyr.a(cdc_acm.c.obj)
 .text.cdc_acm_poll_in
                0x000000000000a920       0x12 zephyr/libzephyr.a(cdc_acm.c.obj)
 .text.abort_function
                0x000000000000a932        0x8 zephyr/libzephyr.a(nrf_cc3xx_platform_abort_zephyr.c.obj)
 .text.z_arm_fatal_error
                0x000000000000a93a        0x4 zephyr/arch/arch/arm/core/aarch32/libarch__arm__core__aarch32.a(fatal.c.obj)
                0x000000000000a93a                z_arm_fatal_error
 .text.z_do_kernel_oops
                0x000000000000a93e        0x8 zephyr/arch/arch/arm/core/aarch32/libarch__arm__core__aarch32.a(fatal.c.obj)
                0x000000000000a93e                z_do_kernel_oops
 .text.z_irq_spurious
                0x000000000000a946        0x8 zephyr/arch/arch/arm/core/aarch32/libarch__arm__core__aarch32.a(irq_manage.c.obj)
                0x000000000000a946                z_irq_spurious
 .text.z_arm_nmi
                0x000000000000a94e        0xe zephyr/arch/arch/arm/core/aarch32/libarch__arm__core__aarch32.a(nmi.c.obj)
                0x000000000000a94e                z_arm_nmi
 .text.picolibc_put
                0x000000000000a95c        0xa zephyr/lib/libc/picolibc/liblib__libc__picolibc.a(libc-hooks.c.obj)
 .text.ep_ctx_reset
                0x000000000000a966       0x26 zephyr/drivers/usb/device/libdrivers__usb__device.a(usb_dc_nrfx.c.obj)
 .text.k_mutex_lock.constprop.0.isra.0
                0x000000000000a98c        0x4 zephyr/drivers/usb/device/libdrivers__usb__device.a(usb_dc_nrfx.c.obj)
 .text.k_mutex_unlock.isra.0
                0x000000000000a990        0x4 zephyr/drivers/usb/device/libdrivers__usb__device.a(usb_dc_nrfx.c.obj)
 .text.usb_dc_ep_check_cap
                0x000000000000a994       0x30 zephyr/drivers/usb/device/libdrivers__usb__device.a(usb_dc_nrfx.c.obj)
                0x000000000000a994                usb_dc_ep_check_cap
 .text.usb_dc_ep_disable
                0x000000000000a9c4       0x32 zephyr/drivers/usb/device/libdrivers__usb__device.a(usb_dc_nrfx.c.obj)
                0x000000000000a9c4                usb_dc_ep_disable
 .text.usb_dc_ep_read
                0x000000000000a9f6       0x1e zephyr/drivers/usb/device/libdrivers__usb__device.a(usb_dc_nrfx.c.obj)
                0x000000000000a9f6                usb_dc_ep_read
 .text.get_status
                0x000000000000aa14       0x12 zephyr/drivers/clock_control/libdrivers__clock_control.a(clock_control_nrf.c.obj)
 .text.set_on_state
                0x000000000000aa26       0x26 zephyr/drivers/clock_control/libdrivers__clock_control.a(clock_control_nrf.c.obj)